Archive member included to satisfy reference by file (symbol)

../../board/lpc1768/TARGET_LPC1768/TOOLCHAIN_GCC_ARM\libmbed.a(serial_api.o)
                              ../../board/lpc1768/TARGET_LPC1768/TOOLCHAIN_GCC_ARM/retarget.o (serial_getc)
../../board/lpc1768/TARGET_LPC1768/TOOLCHAIN_GCC_ARM\libmbed.a(FilePath.o)
                              ../../board/lpc1768/TARGET_LPC1768/TOOLCHAIN_GCC_ARM/retarget.o (mbed::FilePath::FilePath(char const*))
../../board/lpc1768/TARGET_LPC1768/TOOLCHAIN_GCC_ARM\libmbed.a(FileSystemLike.o)
                              ../../board/lpc1768/TARGET_LPC1768/TOOLCHAIN_GCC_ARM/retarget.o (mbed::FileSystemLike::opendir())
../../board/lpc1768/TARGET_LPC1768/TOOLCHAIN_GCC_ARM\libmbed.a(Serial.o)
                              test1/main.o (mbed::Serial::Serial(PinName, PinName, char const*))
../../board/lpc1768/TARGET_LPC1768/TOOLCHAIN_GCC_ARM\libmbed.a(SerialBase.o)
                              ../../board/lpc1768/TARGET_LPC1768/TOOLCHAIN_GCC_ARM\libmbed.a(Serial.o) (mbed::SerialBase::SerialBase(PinName, PinName))
../../board/lpc1768/TARGET_LPC1768/TOOLCHAIN_GCC_ARM\libmbed.a(Stream.o)
                              ../../board/lpc1768/TARGET_LPC1768/TOOLCHAIN_GCC_ARM\libmbed.a(Serial.o) (mbed::Stream::close())
../../board/lpc1768/TARGET_LPC1768/TOOLCHAIN_GCC_ARM\libmbed.a(assert.o)
                              test1/main.o (mbed_assert_internal)
../../board/lpc1768/TARGET_LPC1768/TOOLCHAIN_GCC_ARM\libmbed.a(error.o)
                              ../../board/lpc1768/TARGET_LPC1768/TOOLCHAIN_GCC_ARM/retarget.o (error)
../../board/lpc1768/TARGET_LPC1768/TOOLCHAIN_GCC_ARM\libmbed.a(exit.o)
                              c:/users/francisco/appdata/roaming/gnu mcu eclipse/arm embedded gcc/8.2.1-1.7-20190524-0603/bin/../lib/gcc/arm-none-eabi/8.2.1/../../../../arm-none-eabi/lib/thumb/v7-m/nofp/crt0.o (exit)
../../board/lpc1768/TARGET_LPC1768/TOOLCHAIN_GCC_ARM\libmbed.a(gpio.o)
                              ../../board/lpc1768/TARGET_LPC1768/TOOLCHAIN_GCC_ARM\libmbed.a(serial_api.o) (gpio_init_in)
../../board/lpc1768/TARGET_LPC1768/TOOLCHAIN_GCC_ARM\libmbed.a(mbed_interface.o)
                              ../../board/lpc1768/TARGET_LPC1768/TOOLCHAIN_GCC_ARM\libmbed.a(exit.o) (mbed_interface_connected)
../../board/lpc1768/TARGET_LPC1768/TOOLCHAIN_GCC_ARM\libmbed.a(pinmap_common.o)
                              ../../board/lpc1768/TARGET_LPC1768/TOOLCHAIN_GCC_ARM\libmbed.a(serial_api.o) (pinmap_pinout)
../../board/lpc1768/TARGET_LPC1768/TOOLCHAIN_GCC_ARM\libmbed.a(semihost_api.o)
                              ../../board/lpc1768/TARGET_LPC1768/TOOLCHAIN_GCC_ARM\libmbed.a(exit.o) (semihost_exit)
../../board/lpc1768/TARGET_LPC1768/TOOLCHAIN_GCC_ARM\libmbed.a(wait_api.o)
                              ../../board/lpc1768/TARGET_LPC1768/TOOLCHAIN_GCC_ARM\libmbed.a(SerialBase.o) (wait_us)
../../board/lpc1768/TARGET_LPC1768/TOOLCHAIN_GCC_ARM\libmbed.a(gpio_api.o)
                              ../../board/lpc1768/TARGET_LPC1768/TOOLCHAIN_GCC_ARM\libmbed.a(gpio.o) (gpio_init)
../../board/lpc1768/TARGET_LPC1768/TOOLCHAIN_GCC_ARM\libmbed.a(pinmap.o)
                              ../../board/lpc1768/TARGET_LPC1768/TOOLCHAIN_GCC_ARM\libmbed.a(pinmap_common.o) (pin_function)
../../board/lpc1768/TARGET_LPC1768/TOOLCHAIN_GCC_ARM\libmbed.a(us_ticker.o)
                              ../../board/lpc1768/TARGET_LPC1768/TOOLCHAIN_GCC_ARM\libmbed.a(wait_api.o) (us_ticker_read)
../../board/lpc1768/TARGET_LPC1768/TOOLCHAIN_GCC_ARM\libmbed.a(FileBase.o)
                              ../../board/lpc1768/TARGET_LPC1768/TOOLCHAIN_GCC_ARM\libmbed.a(FileSystemLike.o) (mbed::FileBase::~FileBase())
../../board/lpc1768/TARGET_LPC1768/TOOLCHAIN_GCC_ARM\libmbed.a(FileLike.o)
                              ../../board/lpc1768/TARGET_LPC1768/TOOLCHAIN_GCC_ARM\libmbed.a(Stream.o) (mbed::FileLike::~FileLike())
../../board/lpc1768/TARGET_LPC1768/TOOLCHAIN_GCC_ARM\libmbed.a(FunctionPointer.o)
                              ../../board/lpc1768/TARGET_LPC1768/TOOLCHAIN_GCC_ARM\libmbed.a(SerialBase.o) (mbed::FunctionPointer::FunctionPointer(void (*)()))
../../board/lpc1768/TARGET_LPC1768/TOOLCHAIN_GCC_ARM\libmbed.a(us_ticker_api.o)
                              ../../board/lpc1768/TARGET_LPC1768/TOOLCHAIN_GCC_ARM\libmbed.a(us_ticker.o) (us_ticker_irq_handler)
../../libs/FreeRTOS\libfreertos.a(queue.o)
                              ../common/common-mbed.o (xQueueGenericSend)
../../libs/FreeRTOS\libfreertos.a(list.o)
                              ../../libs/FreeRTOS\libfreertos.a(queue.o) (vListInitialise)
../../libs/FreeRTOS\libfreertos.a(heap_1.o)
                              test1/main.o (pvPortMalloc)
../../libs/FreeRTOS\libfreertos.a(port.o)
                              ../../libs/FreeRTOS\libfreertos.a(queue.o) (vPortEnterCritical)
../../libs/FreeRTOS\libfreertos.a(tasks.o)
                              test1/main.o (xTaskCreate)
../../libs/FreeRTOS\libfreertos.a(slack.o)
[...]
Memory Configuration

Name             Origin             Length             Attributes
FLASH            0x0000000000000000 0x0000000000080000 xr
RAM              0x00000000100000c8 0x0000000000007f38 xrw
USB_RAM          0x000000002007c000 0x0000000000004000 xrw
ETH_RAM          0x0000000020080000 0x0000000000004000 xrw
*default*        0x0000000000000000 0xffffffffffffffff

Linker script and memory map

LOAD c:/users/francisco/appdata/roaming/gnu mcu eclipse/arm embedded gcc/8.2.1-1.7-20190524-0603/bin/../lib/gcc/arm-none-eabi/8.2.1/thumb/v7-m/nofp/crti.o
LOAD c:/users/francisco/appdata/roaming/gnu mcu eclipse/arm embedded gcc/8.2.1-1.7-20190524-0603/bin/../lib/gcc/arm-none-eabi/8.2.1/thumb/v7-m/nofp/crtbegin.o
LOAD c:/users/francisco/appdata/roaming/gnu mcu eclipse/arm embedded gcc/8.2.1-1.7-20190524-0603/bin/../lib/gcc/arm-none-eabi/8.2.1/../../../../arm-none-eabi/lib/thumb/v7-m/nofp/crt0.o
LOAD test1/main.o
LOAD ../common/common-mbed.o
LOAD ../utils/utils.o
LOAD ../../slack/v10.4.1/slack_tests.o
LOAD ../../board/lpc1768/TARGET_LPC1768/TOOLCHAIN_GCC_ARM/board.o
LOAD ../../board/lpc1768/TARGET_LPC1768/TOOLCHAIN_GCC_ARM/cmsis_nvic.o
LOAD ../../board/lpc1768/TARGET_LPC1768/TOOLCHAIN_GCC_ARM/retarget.o
LOAD ../../board/lpc1768/TARGET_LPC1768/TOOLCHAIN_GCC_ARM/startup_LPC17xx.o
LOAD ../../board/lpc1768/TARGET_LPC1768/TOOLCHAIN_GCC_ARM/system_LPC17xx.o
LOAD ../../board/lpc1768/TARGET_LPC1768/TOOLCHAIN_GCC_ARM\libmbed.a
LOAD ../../libs/FreeRTOS\libfreertos.a
LOAD c:/users/francisco/appdata/roaming/gnu mcu eclipse/arm embedded gcc/8.2.1-1.7-20190524-0603/bin/../lib/gcc/arm-none-eabi/8.2.1/../../../../arm-none-eabi/lib/thumb/v7-m/nofp\libstdc++.a
LOAD c:/users/francisco/appdata/roaming/gnu mcu eclipse/arm embedded gcc/8.2.1-1.7-20190524-0603/bin/../lib/gcc/arm-none-eabi/8.2.1/../../../../arm-none-eabi/lib/thumb/v7-m/nofp\libsupc++.a
LOAD c:/users/francisco/appdata/roaming/gnu mcu eclipse/arm embedded gcc/8.2.1-1.7-20190524-0603/bin/../lib/gcc/arm-none-eabi/8.2.1/../../../../arm-none-eabi/lib/thumb/v7-m/nofp\libm.a
LOAD c:/users/francisco/appdata/roaming/gnu mcu eclipse/arm embedded gcc/8.2.1-1.7-20190524-0603/bin/../lib/gcc/arm-none-eabi/8.2.1/../../../../arm-none-eabi/lib/thumb/v7-m/nofp\libc.a
LOAD c:/users/francisco/appdata/roaming/gnu mcu eclipse/arm embedded gcc/8.2.1-1.7-20190524-0603/bin/../lib/gcc/arm-none-eabi/8.2.1/thumb/v7-m/nofp\libgcc.a
LOAD c:/users/francisco/appdata/roaming/gnu mcu eclipse/arm embedded gcc/8.2.1-1.7-20190524-0603/bin/../lib/gcc/arm-none-eabi/8.2.1/../../../../arm-none-eabi/lib/thumb/v7-m/nofp\libnosys.a
START GROUP
LOAD c:/users/francisco/appdata/roaming/gnu mcu eclipse/arm embedded gcc/8.2.1-1.7-20190524-0603/bin/../lib/gcc/arm-none-eabi/8.2.1/thumb/v7-m/nofp\libgcc.a
LOAD c:/users/francisco/appdata/roaming/gnu mcu eclipse/arm embedded gcc/8.2.1-1.7-20190524-0603/bin/../lib/gcc/arm-none-eabi/8.2.1/../../../../arm-none-eabi/lib/thumb/v7-m/nofp\libc.a
END GROUP
LOAD c:/users/francisco/appdata/roaming/gnu mcu eclipse/arm embedded gcc/8.2.1-1.7-20190524-0603/bin/../lib/gcc/arm-none-eabi/8.2.1/thumb/v7-m/nofp/crtend.o
LOAD c:/users/francisco/appdata/roaming/gnu mcu eclipse/arm embedded gcc/8.2.1-1.7-20190524-0603/bin/../lib/gcc/arm-none-eabi/8.2.1/thumb/v7-m/nofp/crtn.o

.text           0x0000000000000000     0xfcc8
 *(.isr_vector)
 .isr_vector    0x0000000000000000       0xcc ../../board/lpc1768/TARGET_LPC1768/TOOLCHAIN_GCC_ARM/startup_LPC17xx.o
                0x0000000000000000                __isr_vector
 *(.text*)
 .text.deregister_tm_clones
                0x00000000000000cc       0x1c c:/users/francisco/appdata/roaming/gnu mcu eclipse/arm embedded gcc/8.2.1-1.7-20190524-0603/bin/../lib/gcc/arm-none-eabi/8.2.1/thumb/v7-m/nofp/crtbegin.o
 .text.register_tm_clones
                0x00000000000000e8       0x24 c:/users/francisco/appdata/roaming/gnu mcu eclipse/arm embedded gcc/8.2.1-1.7-20190524-0603/bin/../lib/gcc/arm-none-eabi/8.2.1/thumb/v7-m/nofp/crtbegin.o
 .text.__do_global_dtors_aux
                0x000000000000010c       0x28 c:/users/francisco/appdata/roaming/gnu mcu eclipse/arm embedded gcc/8.2.1-1.7-20190524-0603/bin/../lib/gcc/arm-none-eabi/8.2.1/thumb/v7-m/nofp/crtbegin.o
 .text.frame_dummy
                0x0000000000000134       0x24 c:/users/francisco/appdata/roaming/gnu mcu eclipse/arm embedded gcc/8.2.1-1.7-20190524-0603/bin/../lib/gcc/arm-none-eabi/8.2.1/thumb/v7-m/nofp/crtbegin.o
 .text          0x0000000000000158       0x74 c:/users/francisco/appdata/roaming/gnu mcu eclipse/arm embedded gcc/8.2.1-1.7-20190524-0603/bin/../lib/gcc/arm-none-eabi/8.2.1/../../../../arm-none-eabi/lib/thumb/v7-m/nofp/crt0.o
                0x0000000000000158                _start
                0x0000000000000158                _mainCRTStartup
 .text._ZL9vBusyWaitm
                0x00000000000001cc       0x22 test1/main.o
 *fill*         0x00000000000001ee        0x2 
 .text._ZL15prvPeriodicTaskPv
                0x00000000000001f0       0xbc test1/main.o
 .text._ZN4mbed6SerialD2Ev
                0x00000000000002ac       0x6c test1/main.o
                0x00000000000002ac                mbed::Serial::~Serial()
                0x00000000000002ac                mbed::Serial::~Serial()
                0x00000000000002cc                non-virtual thunk to mbed::Serial::~Serial()
                0x00000000000002f4                non-virtual thunk to mbed::Serial::~Serial()
 .text._Z41__static_initialization_and_destruction_0ii
                0x0000000000000318       0xb0 test1/main.o
 .text.main     0x00000000000003c8      0x208 test1/main.o
                0x00000000000003c8                main
 .text._ZN4mbed6SerialD0Ev
                0x00000000000005d0       0x7c test1/main.o
                0x00000000000005d0                mbed::Serial::~Serial()
                0x00000000000005f8                non-virtual thunk to mbed::Serial::~Serial()
                0x0000000000000624                non-virtual thunk to mbed::Serial::~Serial()
 .text._GLOBAL__sub_I_pc
                0x000000000000064c        0xe test1/main.o
 *fill*         0x000000000000065a        0x2 
 .text.vApplicationMallocFailedHook
                0x000000000000065c       0x7c ../common/common-mbed.o
                0x000000000000065c                vApplicationMallocFailedHook
 .text.vApplicationStackOverflowHook
                0x00000000000006d8       0x7c ../common/common-mbed.o
                0x00000000000006d8                vApplicationStackOverflowHook
 .text.vApplicationNotSchedulable
                0x0000000000000754       0x7c ../common/common-mbed.o
                0x0000000000000754                vApplicationNotSchedulable
 .text.vApplicationDeadlineMissedHook
                0x00000000000007d0       0x28 ../common/common-mbed.o
                0x00000000000007d0                vApplicationDeadlineMissedHook
 .text.HardFault_Handler
                0x00000000000007f8       0x18 ../utils/utils.o
                0x00000000000007f8                HardFault_Handler
 .text.prvGetRegistersFromStack
                0x0000000000000810       0x24 ../utils/utils.o
                0x0000000000000810                prvGetRegistersFromStack
 .text.vInitArray
                0x0000000000000834       0x3c ../../slack/v10.4.1/slack_tests.o
                0x0000000000000834                vInitArray
 .text.vTaskGetTraceInfo
                0x0000000000000870       0x98 ../../slack/v10.4.1/slack_tests.o
                0x0000000000000870                vTaskGetTraceInfo
 .text.vMacroTaskDelay
                0x0000000000000908       0x40 ../../slack/v10.4.1/slack_tests.o
                0x0000000000000908                vMacroTaskDelay
 .text.vMacroTaskSwitched
                0x0000000000000948       0x2c ../../slack/v10.4.1/slack_tests.o
                0x0000000000000948                vMacroTaskSwitched
 .text.mbed_die
                0x0000000000000974      0x10c ../../board/lpc1768/TARGET_LPC1768/TOOLCHAIN_GCC_ARM/board.o
                0x0000000000000974                mbed_die
 .text.NVIC_SetVector
                0x0000000000000a80       0x3c ../../board/lpc1768/TARGET_LPC1768/TOOLCHAIN_GCC_ARM/cmsis_nvic.o
                0x0000000000000a80                NVIC_SetVector
 .text._ZN4mbed10FileHandle4flenEv
                0x0000000000000abc       0x34 ../../board/lpc1768/TARGET_LPC1768/TOOLCHAIN_GCC_ARM/retarget.o
                0x0000000000000abc                mbed::FileHandle::flen()
 .text._ZN4mbed10FileHandleD2Ev
                0x0000000000000af0       0x2c ../../board/lpc1768/TARGET_LPC1768/TOOLCHAIN_GCC_ARM/retarget.o
                0x0000000000000af0                mbed::FileHandle::~FileHandle()
                0x0000000000000af0                mbed::FileHandle::~FileHandle()
 .text._ZN4mbed10FileHandleD0Ev
                0x0000000000000b1c       0x34 ../../board/lpc1768/TARGET_LPC1768/TOOLCHAIN_GCC_ARM/retarget.o
                0x0000000000000b1c                mbed::FileHandle::~FileHandle()
 .text._ZL11init_serialv.part.0
                0x0000000000000b50       0x18 ../../board/lpc1768/TARGET_LPC1768/TOOLCHAIN_GCC_ARM/retarget.o
 .text._open    0x0000000000000b68       0xf8 ../../board/lpc1768/TARGET_LPC1768/TOOLCHAIN_GCC_ARM/retarget.o
                0x0000000000000b68                _open
 .text._close   0x0000000000000c60       0x2c ../../board/lpc1768/TARGET_LPC1768/TOOLCHAIN_GCC_ARM/retarget.o
                0x0000000000000c60                _close
 .text._write   0x0000000000000c8c       0x50 ../../board/lpc1768/TARGET_LPC1768/TOOLCHAIN_GCC_ARM/retarget.o
                0x0000000000000c8c                _write
 .text._read    0x0000000000000cdc       0x4c ../../board/lpc1768/TARGET_LPC1768/TOOLCHAIN_GCC_ARM/retarget.o
                0x0000000000000cdc                _read
 .text._isatty  0x0000000000000d28       0x28 ../../board/lpc1768/TARGET_LPC1768/TOOLCHAIN_GCC_ARM/retarget.o
                0x0000000000000d28                _isatty
 .text._lseek   0x0000000000000d50       0x28 ../../board/lpc1768/TARGET_LPC1768/TOOLCHAIN_GCC_ARM/retarget.o
                0x0000000000000d50                _lseek
 .text._fstat   0x0000000000000d78       0x20 ../../board/lpc1768/TARGET_LPC1768/TOOLCHAIN_GCC_ARM/retarget.o
                0x0000000000000d78                _fstat
 .text.__cxa_pure_virtual
                0x0000000000000d98        0x8 ../../board/lpc1768/TARGET_LPC1768/TOOLCHAIN_GCC_ARM/retarget.o
                0x0000000000000d98                __cxa_pure_virtual
 .text._sbrk    0x0000000000000da0       0x28 ../../board/lpc1768/TARGET_LPC1768/TOOLCHAIN_GCC_ARM/retarget.o
                0x0000000000000da0                _sbrk
 .text          0x0000000000000dc8       0x44 ../../board/lpc1768/TARGET_LPC1768/TOOLCHAIN_GCC_ARM/startup_LPC17xx.o
                0x0000000000000dc8                Reset_Handler
                0x0000000000000df8                NMI_Handler
                0x0000000000000dfc                MemManage_Handler
                0x0000000000000dfe                BusFault_Handler
                0x0000000000000e00                UsageFault_Handler
                0x0000000000000e04                DebugMon_Handler
                0x0000000000000e0a                I2C0_IRQHandler
                0x0000000000000e0a                I2C1_IRQHandler
                0x0000000000000e0a                EINT2_IRQHandler
                0x0000000000000e0a                UART1_IRQHandler
                0x0000000000000e0a                EINT3_IRQHandler
                0x0000000000000e0a                CANActivity_IRQHandler
                0x0000000000000e0a                TIMER3_IRQHandler
                0x0000000000000e0a                UART0_IRQHandler
                0x0000000000000e0a                PWM1_IRQHandler
                0x0000000000000e0a                PLL0_IRQHandler
                0x0000000000000e0a                CAN_IRQHandler
                0x0000000000000e0a                RIT_IRQHandler
                0x0000000000000e0a                SSP0_IRQHandler
                0x0000000000000e0a                I2S_IRQHandler
                0x0000000000000e0a                I2C2_IRQHandler
                0x0000000000000e0a                RTC_IRQHandler
                0x0000000000000e0a                TIMER0_IRQHandler
                0x0000000000000e0a                USBActivity_IRQHandler
                0x0000000000000e0a                SPI_IRQHandler
                0x0000000000000e0a                EINT1_IRQHandler
                0x0000000000000e0a                TIMER1_IRQHandler
                0x0000000000000e0a                UART2_IRQHandler
                0x0000000000000e0a                Default_Handler
                0x0000000000000e0a                ADC_IRQHandler
                0x0000000000000e0a                SSP1_IRQHandler
                0x0000000000000e0a                USB_IRQHandler
                0x0000000000000e0a                BOD_IRQHandler
                0x0000000000000e0a                PLL1_IRQHandler
                0x0000000000000e0a                WDT_IRQHandler
                0x0000000000000e0a                QEI_IRQHandler
                0x0000000000000e0a                EINT0_IRQHandler
                0x0000000000000e0a                DEF_IRQHandler
                0x0000000000000e0a                DMA_IRQHandler
                0x0000000000000e0a                TIMER2_IRQHandler
                0x0000000000000e0a                UART3_IRQHandler
                0x0000000000000e0a                MCPWM_IRQHandler
                0x0000000000000e0a                ENET_IRQHandler
 .text.SystemInit
                0x0000000000000e0c       0xb8 ../../board/lpc1768/TARGET_LPC1768/TOOLCHAIN_GCC_ARM/system_LPC17xx.o
                0x0000000000000e0c                SystemInit
 .text.uart2_irq
                0x0000000000000ec4       0x64 ../../board/lpc1768/TARGET_LPC1768/TOOLCHAIN_GCC_ARM\libmbed.a(serial_api.o)
                0x0000000000000ec4                uart2_irq
 .text.serial_irq_set_internal
                0x0000000000000f28       0xcc ../../board/lpc1768/TARGET_LPC1768/TOOLCHAIN_GCC_ARM\libmbed.a(serial_api.o)
 .text.uart0_irq
                0x0000000000000ff4       0x64 ../../board/lpc1768/TARGET_LPC1768/TOOLCHAIN_GCC_ARM\libmbed.a(serial_api.o)
                0x0000000000000ff4                uart0_irq
 .text.uart3_irq
                0x0000000000001058       0x6c ../../board/lpc1768/TARGET_LPC1768/TOOLCHAIN_GCC_ARM\libmbed.a(serial_api.o)
                0x0000000000001058                uart3_irq
 .text.uart1_irq
                0x00000000000010c4       0x64 ../../board/lpc1768/TARGET_LPC1768/TOOLCHAIN_GCC_ARM\libmbed.a(serial_api.o)
                0x00000000000010c4                uart1_irq
 .text.serial_baud
                0x0000000000001128      0x244 ../../board/lpc1768/TARGET_LPC1768/TOOLCHAIN_GCC_ARM\libmbed.a(serial_api.o)
                0x0000000000001128                serial_baud
 .text.serial_format
                0x000000000000136c       0x78 ../../board/lpc1768/TARGET_LPC1768/TOOLCHAIN_GCC_ARM\libmbed.a(serial_api.o)
                0x000000000000136c                serial_format
 .text.serial_irq_handler
                0x00000000000013e4       0x20 ../../board/lpc1768/TARGET_LPC1768/TOOLCHAIN_GCC_ARM\libmbed.a(serial_api.o)
                0x00000000000013e4                serial_irq_handler
 .text.serial_getc
                0x0000000000001404       0x38 ../../board/lpc1768/TARGET_LPC1768/TOOLCHAIN_GCC_ARM\libmbed.a(serial_api.o)
                0x0000000000001404                serial_getc
 .text.serial_writable
                0x000000000000143c       0x74 ../../board/lpc1768/TARGET_LPC1768/TOOLCHAIN_GCC_ARM\libmbed.a(serial_api.o)
                0x000000000000143c                serial_writable
 .text.serial_putc
                0x00000000000014b0       0x34 ../../board/lpc1768/TARGET_LPC1768/TOOLCHAIN_GCC_ARM\libmbed.a(serial_api.o)
                0x00000000000014b0                serial_putc
 .text.serial_set_flow_control
                0x00000000000014e4      0x12c ../../board/lpc1768/TARGET_LPC1768/TOOLCHAIN_GCC_ARM\libmbed.a(serial_api.o)
                0x00000000000014e4                serial_set_flow_control
 .text.serial_init
                0x0000000000001610      0x1bc ../../board/lpc1768/TARGET_LPC1768/TOOLCHAIN_GCC_ARM\libmbed.a(serial_api.o)
                0x0000000000001610                serial_init
 .text._ZN4mbed8FilePathC2EPKc
                0x00000000000017cc       0x58 ../../board/lpc1768/TARGET_LPC1768/TOOLCHAIN_GCC_ARM\libmbed.a(FilePath.o)
                0x00000000000017cc                mbed::FilePath::FilePath(char const*)
                0x00000000000017cc                mbed::FilePath::FilePath(char const*)
 .text._ZN4mbed8FilePath8fileNameEv
                0x0000000000001824        0x4 ../../board/lpc1768/TARGET_LPC1768/TOOLCHAIN_GCC_ARM\libmbed.a(FilePath.o)
                0x0000000000001824                mbed::FilePath::fileName()
 .text._ZN4mbed8FilePath10fileSystemEv
                0x0000000000001828       0x18 ../../board/lpc1768/TARGET_LPC1768/TOOLCHAIN_GCC_ARM\libmbed.a(FilePath.o)
                0x0000000000001828                mbed::FilePath::fileSystem()
 .text._ZN4mbed8FilePath6isFileEv
                0x0000000000001840       0x14 ../../board/lpc1768/TARGET_LPC1768/TOOLCHAIN_GCC_ARM\libmbed.a(FilePath.o)
                0x0000000000001840                mbed::FilePath::isFile()
 .text._ZN4mbed8FilePath4fileEv
                0x0000000000001854       0x1c ../../board/lpc1768/TARGET_LPC1768/TOOLCHAIN_GCC_ARM\libmbed.a(FilePath.o)
                0x0000000000001854                mbed::FilePath::file()
 .text._ZN4mbed8FilePath6existsEv
                0x0000000000001870        0xc ../../board/lpc1768/TARGET_LPC1768/TOOLCHAIN_GCC_ARM\libmbed.a(FilePath.o)
                0x0000000000001870                mbed::FilePath::exists()
 .text._ZN4mbed10SerialBaseD2Ev
                0x000000000000187c        0xc ../../board/lpc1768/TARGET_LPC1768/TOOLCHAIN_GCC_ARM\libmbed.a(Serial.o)
                0x000000000000187c                mbed::SerialBase::~SerialBase()
                0x000000000000187c                mbed::SerialBase::~SerialBase()
 .text._ZN4mbed10SerialBaseD0Ev
                0x0000000000001888       0x14 ../../board/lpc1768/TARGET_LPC1768/TOOLCHAIN_GCC_ARM\libmbed.a(Serial.o)
                0x0000000000001888                mbed::SerialBase::~SerialBase()
 .text._ZN4mbed6Serial5_getcEv
                0x000000000000189c        0x4 ../../board/lpc1768/TARGET_LPC1768/TOOLCHAIN_GCC_ARM\libmbed.a(Serial.o)
                0x000000000000189c                mbed::Serial::_getc()
 .text._ZThn72_N4mbed6Serial5_getcEv
                0x00000000000018a0        0x8 ../../board/lpc1768/TARGET_LPC1768/TOOLCHAIN_GCC_ARM\libmbed.a(Serial.o)
                0x00000000000018a0                non-virtual thunk to mbed::Serial::_getc()
 .text._ZN4mbed6Serial5_putcEi
                0x00000000000018a8        0x4 ../../board/lpc1768/TARGET_LPC1768/TOOLCHAIN_GCC_ARM\libmbed.a(Serial.o)
                0x00000000000018a8                mbed::Serial::_putc(int)
 .text._ZThn72_N4mbed6Serial5_putcEi
                0x00000000000018ac        0x8 ../../board/lpc1768/TARGET_LPC1768/TOOLCHAIN_GCC_ARM\libmbed.a(Serial.o)
                0x00000000000018ac                non-virtual thunk to mbed::Serial::_putc(int)
 .text._ZN4mbed6SerialC2E7PinNameS1_PKc
                0x00000000000018b4       0x30 ../../board/lpc1768/TARGET_LPC1768/TOOLCHAIN_GCC_ARM\libmbed.a(Serial.o)
                0x00000000000018b4                mbed::Serial::Serial(PinName, PinName, char const*)
                0x00000000000018b4                mbed::Serial::Serial(PinName, PinName, char const*)
 .text._ZN4mbed10SerialBase12_irq_handlerEm9SerialIrq
                0x00000000000018e4       0x10 ../../board/lpc1768/TARGET_LPC1768/TOOLCHAIN_GCC_ARM\libmbed.a(SerialBase.o)
                0x00000000000018e4                mbed::SerialBase::_irq_handler(unsigned long, SerialIrq)
 .text._ZN4mbed10SerialBaseC2E7PinNameS1_
                0x00000000000018f4       0x4c ../../board/lpc1768/TARGET_LPC1768/TOOLCHAIN_GCC_ARM\libmbed.a(SerialBase.o)
                0x00000000000018f4                mbed::SerialBase::SerialBase(PinName, PinName)
                0x00000000000018f4                mbed::SerialBase::SerialBase(PinName, PinName)
 .text._ZN4mbed10SerialBase4baudEi
                0x0000000000001940       0x10 ../../board/lpc1768/TARGET_LPC1768/TOOLCHAIN_GCC_ARM\libmbed.a(SerialBase.o)
                0x0000000000001940                mbed::SerialBase::baud(int)
 .text._ZN4mbed10SerialBase10_base_getcEv
                0x0000000000001950        0x8 ../../board/lpc1768/TARGET_LPC1768/TOOLCHAIN_GCC_ARM\libmbed.a(SerialBase.o)
                0x0000000000001950                mbed::SerialBase::_base_getc()
 .text._ZN4mbed10SerialBase10_base_putcEi
                0x0000000000001958       0x10 ../../board/lpc1768/TARGET_LPC1768/TOOLCHAIN_GCC_ARM\libmbed.a(SerialBase.o)
                0x0000000000001958                mbed::SerialBase::_base_putc(int)
 .text._ZN4mbed6Stream5closeEv
                0x0000000000001968        0x4 ../../board/lpc1768/TARGET_LPC1768/TOOLCHAIN_GCC_ARM\libmbed.a(Stream.o)
                0x0000000000001968                mbed::Stream::close()
 .text._ZN4mbed6Stream5writeEPKvj
                0x000000000000196c       0x30 ../../board/lpc1768/TARGET_LPC1768/TOOLCHAIN_GCC_ARM\libmbed.a(Stream.o)
                0x000000000000196c                mbed::Stream::write(void const*, unsigned int)
 .text._ZN4mbed6Stream4readEPvj
                0x000000000000199c       0x30 ../../board/lpc1768/TARGET_LPC1768/TOOLCHAIN_GCC_ARM\libmbed.a(Stream.o)
                0x000000000000199c                mbed::Stream::read(void*, unsigned int)
 .text._ZN4mbed6Stream5lseekEli
                0x00000000000019cc        0x4 ../../board/lpc1768/TARGET_LPC1768/TOOLCHAIN_GCC_ARM\libmbed.a(Stream.o)
                0x00000000000019cc                mbed::Stream::lseek(long, int)
 .text._ZN4mbed6Stream6isattyEv
                0x00000000000019d0        0x4 ../../board/lpc1768/TARGET_LPC1768/TOOLCHAIN_GCC_ARM\libmbed.a(Stream.o)
                0x00000000000019d0                mbed::Stream::isatty()
 .text._ZN4mbed6Stream5fsyncEv
                0x00000000000019d4        0x4 ../../board/lpc1768/TARGET_LPC1768/TOOLCHAIN_GCC_ARM\libmbed.a(Stream.o)
                0x00000000000019d4                mbed::Stream::fsync()
 .text._ZN4mbed6Stream4flenEv
                0x00000000000019d8        0x4 ../../board/lpc1768/TARGET_LPC1768/TOOLCHAIN_GCC_ARM\libmbed.a(Stream.o)
                0x00000000000019d8                mbed::Stream::flen()
 .text._ZN4mbed6StreamD2Ev
                0x00000000000019dc       0x24 ../../board/lpc1768/TARGET_LPC1768/TOOLCHAIN_GCC_ARM\libmbed.a(Stream.o)
                0x00000000000019dc                mbed::Stream::~Stream()
                0x00000000000019dc                mbed::Stream::~Stream()
 .text._ZThn4_N4mbed6StreamD1Ev
                0x0000000000001a00        0x8 ../../board/lpc1768/TARGET_LPC1768/TOOLCHAIN_GCC_ARM\libmbed.a(Stream.o)
                0x0000000000001a00                non-virtual thunk to mbed::Stream::~Stream()
 .text._ZN4mbed6StreamD0Ev
                0x0000000000001a08       0x14 ../../board/lpc1768/TARGET_LPC1768/TOOLCHAIN_GCC_ARM\libmbed.a(Stream.o)
                0x0000000000001a08                mbed::Stream::~Stream()
 .text._ZThn4_N4mbed6StreamD0Ev
                0x0000000000001a1c        0x8 ../../board/lpc1768/TARGET_LPC1768/TOOLCHAIN_GCC_ARM\libmbed.a(Stream.o)
                0x0000000000001a1c                non-virtual thunk to mbed::Stream::~Stream()
 .text._ZN4mbed6StreamC2EPKc
                0x0000000000001a24       0x48 ../../board/lpc1768/TARGET_LPC1768/TOOLCHAIN_GCC_ARM\libmbed.a(Stream.o)
                0x0000000000001a24                mbed::Stream::Stream(char const*)
                0x0000000000001a24                mbed::Stream::Stream(char const*)
 .text._ZN4mbed6Stream6printfEPKcz
                0x0000000000001a6c       0x2c ../../board/lpc1768/TARGET_LPC1768/TOOLCHAIN_GCC_ARM\libmbed.a(Stream.o)
                0x0000000000001a6c                mbed::Stream::printf(char const*, ...)
 .text.mbed_assert_internal
                0x0000000000001a98       0x2c ../../board/lpc1768/TARGET_LPC1768/TOOLCHAIN_GCC_ARM\libmbed.a(assert.o)
                0x0000000000001a98                mbed_assert_internal
 .text.error    0x0000000000001ac4       0x24 ../../board/lpc1768/TARGET_LPC1768/TOOLCHAIN_GCC_ARM\libmbed.a(error.o)
                0x0000000000001ac4                error
 .text.exit     0x0000000000001ae8       0x30 ../../board/lpc1768/TARGET_LPC1768/TOOLCHAIN_GCC_ARM\libmbed.a(exit.o)
                0x0000000000001ae8                exit
 .text.gpio_init_in
                0x0000000000001b18       0x24 ../../board/lpc1768/TARGET_LPC1768/TOOLCHAIN_GCC_ARM\libmbed.a(gpio.o)
                0x0000000000001b18                gpio_init_in
 .text.gpio_init_out
                0x0000000000001b3c       0x44 ../../board/lpc1768/TARGET_LPC1768/TOOLCHAIN_GCC_ARM\libmbed.a(gpio.o)
                0x0000000000001b3c                gpio_init_out
 .text.gpio_init_out_ex
                0x0000000000001b80       0x54 ../../board/lpc1768/TARGET_LPC1768/TOOLCHAIN_GCC_ARM\libmbed.a(gpio.o)
                0x0000000000001b80                gpio_init_out_ex
 .text.mbed_interface_connected
                0x0000000000001bd4        0x4 ../../board/lpc1768/TARGET_LPC1768/TOOLCHAIN_GCC_ARM\libmbed.a(mbed_interface.o)
                0x0000000000001bd4                mbed_interface_connected
 .text.pinmap_pinout
                0x0000000000001bd8       0x40 ../../board/lpc1768/TARGET_LPC1768/TOOLCHAIN_GCC_ARM\libmbed.a(pinmap_common.o)
                0x0000000000001bd8                pinmap_pinout
 .text.pinmap_merge
                0x0000000000001c18       0x24 ../../board/lpc1768/TARGET_LPC1768/TOOLCHAIN_GCC_ARM\libmbed.a(pinmap_common.o)
                0x0000000000001c18                pinmap_merge
 .text.pinmap_find_peripheral
                0x0000000000001c3c       0x1c ../../board/lpc1768/TARGET_LPC1768/TOOLCHAIN_GCC_ARM\libmbed.a(pinmap_common.o)
                0x0000000000001c3c                pinmap_find_peripheral
 .text.pinmap_peripheral
                0x0000000000001c58       0x34 ../../board/lpc1768/TARGET_LPC1768/TOOLCHAIN_GCC_ARM\libmbed.a(pinmap_common.o)
                0x0000000000001c58                pinmap_peripheral
 .text.semihost_exit
                0x0000000000001c8c       0x18 ../../board/lpc1768/TARGET_LPC1768/TOOLCHAIN_GCC_ARM\libmbed.a(semihost_api.o)
                0x0000000000001c8c                semihost_exit
 .text.semihost_connected
                0x0000000000001ca4       0x10 ../../board/lpc1768/TARGET_LPC1768/TOOLCHAIN_GCC_ARM\libmbed.a(semihost_api.o)
                0x0000000000001ca4                semihost_connected
 .text.wait_us  0x0000000000001cb4       0x18 ../../board/lpc1768/TARGET_LPC1768/TOOLCHAIN_GCC_ARM\libmbed.a(wait_api.o)
                0x0000000000001cb4                wait_us
 .text.wait_ms  0x0000000000001ccc        0xc ../../board/lpc1768/TARGET_LPC1768/TOOLCHAIN_GCC_ARM\libmbed.a(wait_api.o)
                0x0000000000001ccc                wait_ms
 .text.gpio_set
                0x0000000000001cd8       0x30 ../../board/lpc1768/TARGET_LPC1768/TOOLCHAIN_GCC_ARM\libmbed.a(gpio_api.o)
                0x0000000000001cd8                gpio_set
 .text.gpio_init
                0x0000000000001d08       0x30 ../../board/lpc1768/TARGET_LPC1768/TOOLCHAIN_GCC_ARM\libmbed.a(gpio_api.o)
                0x0000000000001d08                gpio_init
 .text.gpio_mode
                0x0000000000001d38        0x8 ../../board/lpc1768/TARGET_LPC1768/TOOLCHAIN_GCC_ARM\libmbed.a(gpio_api.o)
                0x0000000000001d38                gpio_mode
 .text.gpio_dir
                0x0000000000001d40       0x44 ../../board/lpc1768/TARGET_LPC1768/TOOLCHAIN_GCC_ARM\libmbed.a(gpio_api.o)
                0x0000000000001d40                gpio_dir
 .text.pin_function
                0x0000000000001d84       0x50 ../../board/lpc1768/TARGET_LPC1768/TOOLCHAIN_GCC_ARM\libmbed.a(pinmap.o)
                0x0000000000001d84                pin_function
 .text.pin_mode
                0x0000000000001dd4       0x78 ../../board/lpc1768/TARGET_LPC1768/TOOLCHAIN_GCC_ARM\libmbed.a(pinmap.o)
                0x0000000000001dd4                pin_mode
 .text.us_ticker_init
                0x0000000000001e4c       0x68 ../../board/lpc1768/TARGET_LPC1768/TOOLCHAIN_GCC_ARM\libmbed.a(us_ticker.o)
                0x0000000000001e4c                us_ticker_init
 .text.us_ticker_read
                0x0000000000001eb4       0x1c ../../board/lpc1768/TARGET_LPC1768/TOOLCHAIN_GCC_ARM\libmbed.a(us_ticker.o)
                0x0000000000001eb4                us_ticker_read
 .text.us_ticker_set_interrupt
                0x0000000000001ed0       0x14 ../../board/lpc1768/TARGET_LPC1768/TOOLCHAIN_GCC_ARM\libmbed.a(us_ticker.o)
                0x0000000000001ed0                us_ticker_set_interrupt
 .text.us_ticker_disable_interrupt
                0x0000000000001ee4       0x10 ../../board/lpc1768/TARGET_LPC1768/TOOLCHAIN_GCC_ARM\libmbed.a(us_ticker.o)
                0x0000000000001ee4                us_ticker_disable_interrupt
 .text.us_ticker_clear_interrupt
                0x0000000000001ef4        0xc ../../board/lpc1768/TARGET_LPC1768/TOOLCHAIN_GCC_ARM\libmbed.a(us_ticker.o)
                0x0000000000001ef4                us_ticker_clear_interrupt
 .text._ZN4mbed8FileBaseD2Ev
                0x0000000000001f00       0x30 ../../board/lpc1768/TARGET_LPC1768/TOOLCHAIN_GCC_ARM\libmbed.a(FileBase.o)
                0x0000000000001f00                mbed::FileBase::~FileBase()
                0x0000000000001f00                mbed::FileBase::~FileBase()
 .text._ZN4mbed8FileBaseD0Ev
                0x0000000000001f30       0x3c ../../board/lpc1768/TARGET_LPC1768/TOOLCHAIN_GCC_ARM\libmbed.a(FileBase.o)
                0x0000000000001f30                mbed::FileBase::~FileBase()
 .text._ZN4mbed8FileBaseC2EPKcNS_8PathTypeE
                0x0000000000001f6c       0x28 ../../board/lpc1768/TARGET_LPC1768/TOOLCHAIN_GCC_ARM\libmbed.a(FileBase.o)
                0x0000000000001f6c                mbed::FileBase::FileBase(char const*, mbed::PathType)
                0x0000000000001f6c                mbed::FileBase::FileBase(char const*, mbed::PathType)
 .text._ZN4mbed8FileBase6lookupEPKcj
                0x0000000000001f94       0x3c ../../board/lpc1768/TARGET_LPC1768/TOOLCHAIN_GCC_ARM\libmbed.a(FileBase.o)
                0x0000000000001f94                mbed::FileBase::lookup(char const*, unsigned int)
 .text._ZN4mbed8FileBase11getPathTypeEv
                0x0000000000001fd0        0x4 ../../board/lpc1768/TARGET_LPC1768/TOOLCHAIN_GCC_ARM\libmbed.a(FileBase.o)
                0x0000000000001fd0                mbed::FileBase::getPathType()
 .text._ZN4mbed8FileLikeD2Ev
                0x0000000000001fd4       0x24 ../../board/lpc1768/TARGET_LPC1768/TOOLCHAIN_GCC_ARM\libmbed.a(FileLike.o)
                0x0000000000001fd4                mbed::FileLike::~FileLike()
                0x0000000000001fd4                mbed::FileLike::~FileLike()
 .text._ZThn4_N4mbed8FileLikeD1Ev
                0x0000000000001ff8        0x8 ../../board/lpc1768/TARGET_LPC1768/TOOLCHAIN_GCC_ARM\libmbed.a(FileLike.o)
                0x0000000000001ff8                non-virtual thunk to mbed::FileLike::~FileLike()
 .text._ZN4mbed8FileLikeD0Ev
                0x0000000000002000       0x2c ../../board/lpc1768/TARGET_LPC1768/TOOLCHAIN_GCC_ARM\libmbed.a(FileLike.o)
                0x0000000000002000                mbed::FileLike::~FileLike()
 .text._ZThn4_N4mbed8FileLikeD0Ev
                0x000000000000202c        0x8 ../../board/lpc1768/TARGET_LPC1768/TOOLCHAIN_GCC_ARM\libmbed.a(FileLike.o)
                0x000000000000202c                non-virtual thunk to mbed::FileLike::~FileLike()
 .text._ZN4mbed8FileLikeC2EPKc
                0x0000000000002034       0x28 ../../board/lpc1768/TARGET_LPC1768/TOOLCHAIN_GCC_ARM\libmbed.a(FileLike.o)
                0x0000000000002034                mbed::FileLike::FileLike(char const*)
                0x0000000000002034                mbed::FileLike::FileLike(char const*)
 .text._ZN4mbed15FunctionPointerC2EPFvvE
                0x000000000000205c        0xc ../../board/lpc1768/TARGET_LPC1768/TOOLCHAIN_GCC_ARM\libmbed.a(FunctionPointer.o)
                0x000000000000205c                mbed::FunctionPointer::FunctionPointer(void (*)())
                0x000000000000205c                mbed::FunctionPointer::FunctionPointer(void (*)())
 .text._ZN4mbed15FunctionPointer4callEv
                0x0000000000002068       0x18 ../../board/lpc1768/TARGET_LPC1768/TOOLCHAIN_GCC_ARM\libmbed.a(FunctionPointer.o)
                0x0000000000002068                mbed::FunctionPointer::call()
 .text.us_ticker_irq_handler
                0x0000000000002080       0x58 ../../board/lpc1768/TARGET_LPC1768/TOOLCHAIN_GCC_ARM\libmbed.a(us_ticker_api.o)
                0x0000000000002080                us_ticker_irq_handler
 .text.vListInitialise
                0x00000000000020d8       0x16 ../../libs/FreeRTOS\libfreertos.a(list.o)
                0x00000000000020d8                vListInitialise
 .text.vListInitialiseItem
                0x00000000000020ee        0x6 ../../libs/FreeRTOS\libfreertos.a(list.o)
                0x00000000000020ee                vListInitialiseItem
 .text.vListInsertEnd
                0x00000000000020f4       0x16 ../../libs/FreeRTOS\libfreertos.a(list.o)
                0x00000000000020f4                vListInsertEnd
 .text.vListInsert
                0x000000000000210a       0x34 ../../libs/FreeRTOS\libfreertos.a(list.o)
                0x000000000000210a                vListInsert
 .text.uxListRemove
                0x000000000000213e       0x26 ../../libs/FreeRTOS\libfreertos.a(list.o)
                0x000000000000213e                uxListRemove
 .text.pvPortMalloc
                0x0000000000002164       0x70 ../../libs/FreeRTOS\libfreertos.a(heap_1.o)
                0x0000000000002164                pvPortMalloc
 .text.vPortFree
                0x00000000000021d4       0x16 ../../libs/FreeRTOS\libfreertos.a(heap_1.o)
                0x00000000000021d4                vPortFree
 *fill*         0x00000000000021ea        0x2 
 .text.prvTaskExitError
                0x00000000000021ec       0x40 ../../libs/FreeRTOS\libfreertos.a(port.o)
 .text.prvPortStartFirstTask
                0x000000000000222c       0x20 ../../libs/FreeRTOS\libfreertos.a(port.o)
 .text.pxPortInitialiseStack
                0x000000000000224c       0x24 ../../libs/FreeRTOS\libfreertos.a(port.o)
                0x000000000000224c                pxPortInitialiseStack
 .text.SVC_Handler
                0x0000000000002270       0x24 ../../libs/FreeRTOS\libfreertos.a(port.o)
                0x0000000000002270                SVC_Handler
 .text.vPortEnterCritical
                0x0000000000002294       0x44 ../../libs/FreeRTOS\libfreertos.a(port.o)
                0x0000000000002294                vPortEnterCritical
 .text.vPortExitCritical
                0x00000000000022d8       0x2c ../../libs/FreeRTOS\libfreertos.a(port.o)
                0x00000000000022d8                vPortExitCritical
 *fill*         0x0000000000002304        0xc 
 .text.PendSV_Handler
                0x0000000000002310       0x44 ../../libs/FreeRTOS\libfreertos.a(port.o)
                0x0000000000002310                PendSV_Handler
 .text.SysTick_Handler
                0x0000000000002354       0x2c ../../libs/FreeRTOS\libfreertos.a(port.o)
                0x0000000000002354                SysTick_Handler
 .text.vPortSetupTimerInterrupt
                0x0000000000002380       0x38 ../../libs/FreeRTOS\libfreertos.a(port.o)
                0x0000000000002380                vPortSetupTimerInterrupt
 .text.xPortStartScheduler
                0x00000000000023b8       0xb8 ../../libs/FreeRTOS\libfreertos.a(port.o)
                0x00000000000023b8                xPortStartScheduler
 .text.vPortValidateInterruptPriority
                0x0000000000002470       0x5c ../../libs/FreeRTOS\libfreertos.a(port.o)
                0x0000000000002470                vPortValidateInterruptPriority
 .text.prvIdleTask
                0x00000000000024cc       0x24 ../../libs/FreeRTOS\libfreertos.a(tasks.o)
 .text.prvResetNextTaskUnblockTime
                0x00000000000024f0       0x28 ../../libs/FreeRTOS\libfreertos.a(tasks.o)
 .text.prvInitialiseNewTask
                0x0000000000002518       0xb8 ../../libs/FreeRTOS\libfreertos.a(tasks.o)
 .text.prvInitialiseTaskLists
                0x00000000000025d0       0x5c ../../libs/FreeRTOS\libfreertos.a(tasks.o)
 .text.prvAddNewTaskToReadyList
                0x000000000000262c       0xac ../../libs/FreeRTOS\libfreertos.a(tasks.o)
 .text.xTaskSlackResume
                0x00000000000026d8       0x58 ../../libs/FreeRTOS\libfreertos.a(tasks.o)
 .text.xTaskSlackSuspend
                0x0000000000002730       0x68 ../../libs/FreeRTOS\libfreertos.a(tasks.o)
 .text.prvAddCurrentTaskToDelayedList
                0x0000000000002798       0x7c ../../libs/FreeRTOS\libfreertos.a(tasks.o)
 .text.freertos_tasks_c_additions_init
                0x0000000000002814        0x8 ../../libs/FreeRTOS\libfreertos.a(tasks.o)
 .text.xTaskCreate
                0x000000000000281c       0x62 ../../libs/FreeRTOS\libfreertos.a(tasks.o)
                0x000000000000281c                xTaskCreate
 *fill*         0x000000000000287e        0x2 
 .text.uxTaskPriorityGet
                0x0000000000002880       0x20 ../../libs/FreeRTOS\libfreertos.a(tasks.o)
                0x0000000000002880                uxTaskPriorityGet
 .text.vTaskStartScheduler
                0x00000000000028a0       0x80 ../../libs/FreeRTOS\libfreertos.a(tasks.o)
                0x00000000000028a0                vTaskStartScheduler
 .text.vTaskSuspendAll
                0x0000000000002920       0x10 ../../libs/FreeRTOS\libfreertos.a(tasks.o)
                0x0000000000002920                vTaskSuspendAll
 .text.xTaskGetTickCount
                0x0000000000002930        0xc ../../libs/FreeRTOS\libfreertos.a(tasks.o)
                0x0000000000002930                xTaskGetTickCount
 .text.xTaskGetTickCountFromISR
                0x000000000000293c       0x10 ../../libs/FreeRTOS\libfreertos.a(tasks.o)
                0x000000000000293c                xTaskGetTickCountFromISR
 .text.pcTaskGetName
                0x000000000000294c       0x28 ../../libs/FreeRTOS\libfreertos.a(tasks.o)
                0x000000000000294c                pcTaskGetName
 .text.xTaskIncrementTick
                0x0000000000002974      0x11c ../../libs/FreeRTOS\libfreertos.a(tasks.o)
                0x0000000000002974                xTaskIncrementTick
 .text.xTaskResumeAll
                0x0000000000002a90       0xfc ../../libs/FreeRTOS\libfreertos.a(tasks.o)
                0x0000000000002a90                xTaskResumeAll
 .text.vTaskSwitchContext
                0x0000000000002b8c       0xd0 ../../libs/FreeRTOS\libfreertos.a(tasks.o)
                0x0000000000002b8c                vTaskSwitchContext
 .text.vTaskSetThreadLocalStoragePointer
                0x0000000000002c5c       0x30 ../../libs/FreeRTOS\libfreertos.a(tasks.o)
                0x0000000000002c5c                vTaskSetThreadLocalStoragePointer
 .text.pvTaskGetThreadLocalStoragePointer
                0x0000000000002c8c       0x1c ../../libs/FreeRTOS\libfreertos.a(tasks.o)
                0x0000000000002c8c                pvTaskGetThreadLocalStoragePointer
 .text.xTaskGetCurrentTaskHandle
                0x0000000000002ca8        0xc ../../libs/FreeRTOS\libfreertos.a(tasks.o)
                0x0000000000002ca8                xTaskGetCurrentTaskHandle
 .text.__wrap_vTaskDelayUntil
                0x0000000000002cb4      0x11c ../../libs/FreeRTOS\libfreertos.a(tasks.o)
                0x0000000000002cb4                __wrap_vTaskDelayUntil
 .text.__wrap_xTaskIncrementTick
                0x0000000000002dd0      0x1a8 ../../libs/FreeRTOS\libfreertos.a(tasks.o)
                0x0000000000002dd0                __wrap_xTaskIncrementTick
 .text.vSlackSystemSetup
                0x0000000000002f78       0x24 ../../libs/FreeRTOS\libfreertos.a(slack.o)
 .text.xSlackCalculateTasksWcrt
                0x0000000000002f9c       0x98 ../../libs/FreeRTOS\libfreertos.a(slack.o)
 .text.vSlackSetTaskParams
                0x0000000000003034       0xb8 ../../libs/FreeRTOS\libfreertos.a(slack.o)
                0x0000000000003034                vSlackSetTaskParams
 .text.vSlackDeadlineCheck
                0x00000000000030ec       0x48 ../../libs/FreeRTOS\libfreertos.a(slack.o)
                0x00000000000030ec                vSlackDeadlineCheck
 .text.vSlackUpdateDeadline
                0x0000000000003134       0x28 ../../libs/FreeRTOS\libfreertos.a(slack.o)
                0x0000000000003134                vSlackUpdateDeadline
 .text.xSlackGetAvailableSlack
                0x000000000000315c        0xc ../../libs/FreeRTOS\libfreertos.a(slack.o)
                0x000000000000315c                xSlackGetAvailableSlack
 .text.vSlackGainSlack
                0x0000000000003168       0x64 ../../libs/FreeRTOS\libfreertos.a(slack.o)
                0x0000000000003168                vSlackGainSlack
 .text.vSlackDecrementAllTasksSlack
                0x00000000000031cc       0x68 ../../libs/FreeRTOS\libfreertos.a(slack.o)
                0x00000000000031cc                vSlackDecrementAllTasksSlack
 .text.vSlackDecrementTasksSlack
                0x0000000000003234       0x70 ../../libs/FreeRTOS\libfreertos.a(slack.o)
                0x0000000000003234                vSlackDecrementTasksSlack
 .text.xSlackGetWorkLoad
                0x00000000000032a4       0x56 ../../libs/FreeRTOS\libfreertos.a(slack.o)
                0x00000000000032a4                xSlackGetWorkLoad
 *fill*         0x00000000000032fa        0x2 
 .text.vTaskCalculateSlack
                0x00000000000032fc       0x10 ../../libs/FreeRTOS\libfreertos.a(slack.o)
                0x00000000000032fc                vTaskCalculateSlack
 .text.vSlackSchedulerSetup
                0x000000000000330c       0x9c ../../libs/FreeRTOS\libfreertos.a(slack.o)
                0x000000000000330c                vSlackSchedulerSetup
 .text.vTaskCalculateSlack_alg
                0x00000000000033a8      0x1c0 ../../libs/FreeRTOS\libfreertos.a(ss_fixed.o)
                0x00000000000033a8                vTaskCalculateSlack_alg
 .text.__aeabi_atexit
                0x0000000000003568        0xc c:/users/francisco/appdata/roaming/gnu mcu eclipse/arm embedded gcc/8.2.1-1.7-20190524-0603/bin/../lib/gcc/arm-none-eabi/8.2.1/../../../../arm-none-eabi/lib/thumb/v7-m/nofp\libstdc++.a(atexit_arm.o)
                0x0000000000003568                __aeabi_atexit
 .text._ZdlPv   0x0000000000003574        0x4 c:/users/francisco/appdata/roaming/gnu mcu eclipse/arm embedded gcc/8.2.1-1.7-20190524-0603/bin/../lib/gcc/arm-none-eabi/8.2.1/../../../../arm-none-eabi/lib/thumb/v7-m/nofp\libstdc++.a(del_op.o)
                0x0000000000003574                operator delete(void*)
 .text.abs      0x0000000000003578        0x8 c:/users/francisco/appdata/roaming/gnu mcu eclipse/arm embedded gcc/8.2.1-1.7-20190524-0603/bin/../lib/gcc/arm-none-eabi/8.2.1/../../../../arm-none-eabi/lib/thumb/v7-m/nofp\libc.a(lib_a-abs.o)
                0x0000000000003578                abs
 .text.__cxa_atexit
                0x0000000000003580        0xc c:/users/francisco/appdata/roaming/gnu mcu eclipse/arm embedded gcc/8.2.1-1.7-20190524-0603/bin/../lib/gcc/arm-none-eabi/8.2.1/../../../../arm-none-eabi/lib/thumb/v7-m/nofp\libc.a(lib_a-cxa_atexit.o)
                0x0000000000003580                __cxa_atexit
 .text.__errno  0x000000000000358c        0xc c:/users/francisco/appdata/roaming/gnu mcu eclipse/arm embedded gcc/8.2.1-1.7-20190524-0603/bin/../lib/gcc/arm-none-eabi/8.2.1/../../../../arm-none-eabi/lib/thumb/v7-m/nofp\libc.a(lib_a-errno.o)
                0x000000000000358c                __errno
 .text._fclose_r
                0x0000000000003598       0xd0 c:/users/francisco/appdata/roaming/gnu mcu eclipse/arm embedded gcc/8.2.1-1.7-20190524-0603/bin/../lib/gcc/arm-none-eabi/8.2.1/../../../../arm-none-eabi/lib/thumb/v7-m/nofp\libc.a(lib_a-fclose.o)
                0x0000000000003598                _fclose_r
 .text.fclose   0x0000000000003668       0x10 c:/users/francisco/appdata/roaming/gnu mcu eclipse/arm embedded gcc/8.2.1-1.7-20190524-0603/bin/../lib/gcc/arm-none-eabi/8.2.1/../../../../arm-none-eabi/lib/thumb/v7-m/nofp\libc.a(lib_a-fclose.o)
                0x0000000000003668                fclose
 .text.__sflush_r
                0x0000000000003678      0x13c c:/users/francisco/appdata/roaming/gnu mcu eclipse/arm embedded gcc/8.2.1-1.7-20190524-0603/bin/../lib/gcc/arm-none-eabi/8.2.1/../../../../arm-none-eabi/lib/thumb/v7-m/nofp\libc.a(lib_a-fflush.o)
                0x0000000000003678                __sflush_r
 .text._fflush_r
                0x00000000000037b4       0x5c c:/users/francisco/appdata/roaming/gnu mcu eclipse/arm embedded gcc/8.2.1-1.7-20190524-0603/bin/../lib/gcc/arm-none-eabi/8.2.1/../../../../arm-none-eabi/lib/thumb/v7-m/nofp\libc.a(lib_a-fflush.o)
                0x00000000000037b4                _fflush_r
 .text.fflush   0x0000000000003810       0x24 c:/users/francisco/appdata/roaming/gnu mcu eclipse/arm embedded gcc/8.2.1-1.7-20190524-0603/bin/../lib/gcc/arm-none-eabi/8.2.1/../../../../arm-none-eabi/lib/thumb/v7-m/nofp\libc.a(lib_a-fflush.o)
                0x0000000000003810                fflush
 .text.std      0x0000000000003834       0x50 c:/users/francisco/appdata/roaming/gnu mcu eclipse/arm embedded gcc/8.2.1-1.7-20190524-0603/bin/../lib/gcc/arm-none-eabi/8.2.1/../../../../arm-none-eabi/lib/thumb/v7-m/nofp\libc.a(lib_a-findfp.o)
 .text._cleanup_r
                0x0000000000003884        0xc c:/users/francisco/appdata/roaming/gnu mcu eclipse/arm embedded gcc/8.2.1-1.7-20190524-0603/bin/../lib/gcc/arm-none-eabi/8.2.1/../../../../arm-none-eabi/lib/thumb/v7-m/nofp\libc.a(lib_a-findfp.o)
                0x0000000000003884                _cleanup_r
 .text.__sfmoreglue
                0x0000000000003890       0x30 c:/users/francisco/appdata/roaming/gnu mcu eclipse/arm embedded gcc/8.2.1-1.7-20190524-0603/bin/../lib/gcc/arm-none-eabi/8.2.1/../../../../arm-none-eabi/lib/thumb/v7-m/nofp\libc.a(lib_a-findfp.o)
                0x0000000000003890                __sfmoreglue
 .text.__sinit  0x00000000000038c0       0x5c c:/users/francisco/appdata/roaming/gnu mcu eclipse/arm embedded gcc/8.2.1-1.7-20190524-0603/bin/../lib/gcc/arm-none-eabi/8.2.1/../../../../arm-none-eabi/lib/thumb/v7-m/nofp\libc.a(lib_a-findfp.o)
                0x00000000000038c0                __sinit
 .text.__sfp    0x000000000000391c       0xa4 c:/users/francisco/appdata/roaming/gnu mcu eclipse/arm embedded gcc/8.2.1-1.7-20190524-0603/bin/../lib/gcc/arm-none-eabi/8.2.1/../../../../arm-none-eabi/lib/thumb/v7-m/nofp\libc.a(lib_a-findfp.o)
                0x000000000000391c                __sfp
 .text.__sfp_lock_acquire
                0x00000000000039c0        0xc c:/users/francisco/appdata/roaming/gnu mcu eclipse/arm embedded gcc/8.2.1-1.7-20190524-0603/bin/../lib/gcc/arm-none-eabi/8.2.1/../../../../arm-none-eabi/lib/thumb/v7-m/nofp\libc.a(lib_a-findfp.o)
                0x00000000000039c0                __sfp_lock_acquire
 .text.__sfp_lock_release
                0x00000000000039cc        0xc c:/users/francisco/appdata/roaming/gnu mcu eclipse/arm embedded gcc/8.2.1-1.7-20190524-0603/bin/../lib/gcc/arm-none-eabi/8.2.1/../../../../arm-none-eabi/lib/thumb/v7-m/nofp\libc.a(lib_a-findfp.o)
                0x00000000000039cc                __sfp_lock_release
 .text._fopen_r
                0x00000000000039d8       0xbc c:/users/francisco/appdata/roaming/gnu mcu eclipse/arm embedded gcc/8.2.1-1.7-20190524-0603/bin/../lib/gcc/arm-none-eabi/8.2.1/../../../../arm-none-eabi/lib/thumb/v7-m/nofp\libc.a(lib_a-fopen.o)
                0x00000000000039d8                _fopen_r
 .text.fopen    0x0000000000003a94       0x10 c:/users/francisco/appdata/roaming/gnu mcu eclipse/arm embedded gcc/8.2.1-1.7-20190524-0603/bin/../lib/gcc/arm-none-eabi/8.2.1/../../../../arm-none-eabi/lib/thumb/v7-m/nofp\libc.a(lib_a-fopen.o)
                0x0000000000003a94                fopen
 .text.fprintf  0x0000000000003aa4       0x28 c:/users/francisco/appdata/roaming/gnu mcu eclipse/arm embedded gcc/8.2.1-1.7-20190524-0603/bin/../lib/gcc/arm-none-eabi/8.2.1/../../../../arm-none-eabi/lib/thumb/v7-m/nofp\libc.a(lib_a-fprintf.o)
                0x0000000000003aa4                fprintf
 .text._malloc_trim_r
                0x0000000000003acc       0xa0 c:/users/francisco/appdata/roaming/gnu mcu eclipse/arm embedded gcc/8.2.1-1.7-20190524-0603/bin/../lib/gcc/arm-none-eabi/8.2.1/../../../../arm-none-eabi/lib/thumb/v7-m/nofp\libc.a(lib_a-freer.o)
                0x0000000000003acc                _malloc_trim_r
 .text._free_r  0x0000000000003b6c      0x1ec c:/users/francisco/appdata/roaming/gnu mcu eclipse/arm embedded gcc/8.2.1-1.7-20190524-0603/bin/../lib/gcc/arm-none-eabi/8.2.1/../../../../arm-none-eabi/lib/thumb/v7-m/nofp\libc.a(lib_a-freer.o)
                0x0000000000003b6c                _free_r
 .text._fseek_r
                0x0000000000003d58        0x4 c:/users/francisco/appdata/roaming/gnu mcu eclipse/arm embedded gcc/8.2.1-1.7-20190524-0603/bin/../lib/gcc/arm-none-eabi/8.2.1/../../../../arm-none-eabi/lib/thumb/v7-m/nofp\libc.a(lib_a-fseek.o)
                0x0000000000003d58                _fseek_r
 .text._fseeko_r
                0x0000000000003d5c      0x32c c:/users/francisco/appdata/roaming/gnu mcu eclipse/arm embedded gcc/8.2.1-1.7-20190524-0603/bin/../lib/gcc/arm-none-eabi/8.2.1/../../../../arm-none-eabi/lib/thumb/v7-m/nofp\libc.a(lib_a-fseeko.o)
                0x0000000000003d5c                _fseeko_r
 .text._fstat_r
                0x0000000000004088       0x28 c:/users/francisco/appdata/roaming/gnu mcu eclipse/arm embedded gcc/8.2.1-1.7-20190524-0603/bin/../lib/gcc/arm-none-eabi/8.2.1/../../../../arm-none-eabi/lib/thumb/v7-m/nofp\libc.a(lib_a-fstatr.o)
                0x0000000000004088                _fstat_r
 .text.__sfvwrite_r
                0x00000000000040b0      0x300 c:/users/francisco/appdata/roaming/gnu mcu eclipse/arm embedded gcc/8.2.1-1.7-20190524-0603/bin/../lib/gcc/arm-none-eabi/8.2.1/../../../../arm-none-eabi/lib/thumb/v7-m/nofp\libc.a(lib_a-fvwrite.o)
                0x00000000000040b0                __sfvwrite_r
 .text._fwalk   0x00000000000043b0       0x48 c:/users/francisco/appdata/roaming/gnu mcu eclipse/arm embedded gcc/8.2.1-1.7-20190524-0603/bin/../lib/gcc/arm-none-eabi/8.2.1/../../../../arm-none-eabi/lib/thumb/v7-m/nofp\libc.a(lib_a-fwalk.o)
                0x00000000000043b0                _fwalk
 .text._fwalk_reent
                0x00000000000043f8       0x50 c:/users/francisco/appdata/roaming/gnu mcu eclipse/arm embedded gcc/8.2.1-1.7-20190524-0603/bin/../lib/gcc/arm-none-eabi/8.2.1/../../../../arm-none-eabi/lib/thumb/v7-m/nofp\libc.a(lib_a-fwalk.o)
                0x00000000000043f8                _fwalk_reent
 .text.__libc_init_array
                0x0000000000004448       0x48 c:/users/francisco/appdata/roaming/gnu mcu eclipse/arm embedded gcc/8.2.1-1.7-20190524-0603/bin/../lib/gcc/arm-none-eabi/8.2.1/../../../../arm-none-eabi/lib/thumb/v7-m/nofp\libc.a(lib_a-init.o)
                0x0000000000004448                __libc_init_array
 .text.__retarget_lock_init_recursive
                0x0000000000004490        0x4 c:/users/francisco/appdata/roaming/gnu mcu eclipse/arm embedded gcc/8.2.1-1.7-20190524-0603/bin/../lib/gcc/arm-none-eabi/8.2.1/../../../../arm-none-eabi/lib/thumb/v7-m/nofp\libc.a(lib_a-lock.o)
                0x0000000000004490                __retarget_lock_init_recursive
 .text.__retarget_lock_close_recursive
                0x0000000000004494        0x4 c:/users/francisco/appdata/roaming/gnu mcu eclipse/arm embedded gcc/8.2.1-1.7-20190524-0603/bin/../lib/gcc/arm-none-eabi/8.2.1/../../../../arm-none-eabi/lib/thumb/v7-m/nofp\libc.a(lib_a-lock.o)
                0x0000000000004494                __retarget_lock_close_recursive
 .text.__retarget_lock_acquire_recursive
                0x0000000000004498        0x4 c:/users/francisco/appdata/roaming/gnu mcu eclipse/arm embedded gcc/8.2.1-1.7-20190524-0603/bin/../lib/gcc/arm-none-eabi/8.2.1/../../../../arm-none-eabi/lib/thumb/v7-m/nofp\libc.a(lib_a-lock.o)
                0x0000000000004498                __retarget_lock_acquire_recursive
 .text.__retarget_lock_release_recursive
                0x000000000000449c        0x4 c:/users/francisco/appdata/roaming/gnu mcu eclipse/arm embedded gcc/8.2.1-1.7-20190524-0603/bin/../lib/gcc/arm-none-eabi/8.2.1/../../../../arm-none-eabi/lib/thumb/v7-m/nofp\libc.a(lib_a-lock.o)
                0x000000000000449c                __retarget_lock_release_recursive
 .text.__swhatbuf_r
                0x00000000000044a0       0x5c c:/users/francisco/appdata/roaming/gnu mcu eclipse/arm embedded gcc/8.2.1-1.7-20190524-0603/bin/../lib/gcc/arm-none-eabi/8.2.1/../../../../arm-none-eabi/lib/thumb/v7-m/nofp\libc.a(lib_a-makebuf.o)
                0x00000000000044a0                __swhatbuf_r
 .text.__smakebuf_r
                0x00000000000044fc       0x94 c:/users/francisco/appdata/roaming/gnu mcu eclipse/arm embedded gcc/8.2.1-1.7-20190524-0603/bin/../lib/gcc/arm-none-eabi/8.2.1/../../../../arm-none-eabi/lib/thumb/v7-m/nofp\libc.a(lib_a-makebuf.o)
                0x00000000000044fc                __smakebuf_r
 .text.malloc   0x0000000000004590       0x10 c:/users/francisco/appdata/roaming/gnu mcu eclipse/arm embedded gcc/8.2.1-1.7-20190524-0603/bin/../lib/gcc/arm-none-eabi/8.2.1/../../../../arm-none-eabi/lib/thumb/v7-m/nofp\libc.a(lib_a-malloc.o)
                0x0000000000004590                malloc
 .text.free     0x00000000000045a0       0x10 c:/users/francisco/appdata/roaming/gnu mcu eclipse/arm embedded gcc/8.2.1-1.7-20190524-0603/bin/../lib/gcc/arm-none-eabi/8.2.1/../../../../arm-none-eabi/lib/thumb/v7-m/nofp\libc.a(lib_a-malloc.o)
                0x00000000000045a0                free
 .text._malloc_r
                0x00000000000045b0      0x558 c:/users/francisco/appdata/roaming/gnu mcu eclipse/arm embedded gcc/8.2.1-1.7-20190524-0603/bin/../lib/gcc/arm-none-eabi/8.2.1/../../../../arm-none-eabi/lib/thumb/v7-m/nofp\libc.a(lib_a-mallocr.o)
                0x00000000000045b0                _malloc_r
 .text.memchr   0x0000000000004b08       0x8c c:/users/francisco/appdata/roaming/gnu mcu eclipse/arm embedded gcc/8.2.1-1.7-20190524-0603/bin/../lib/gcc/arm-none-eabi/8.2.1/../../../../arm-none-eabi/lib/thumb/v7-m/nofp\libc.a(lib_a-memchr-stub.o)
                0x0000000000004b08                memchr
 .text          0x0000000000004b94       0xec c:/users/francisco/appdata/roaming/gnu mcu eclipse/arm embedded gcc/8.2.1-1.7-20190524-0603/bin/../lib/gcc/arm-none-eabi/8.2.1/../../../../arm-none-eabi/lib/thumb/v7-m/nofp\libc.a(lib_a-memcpy.o)
                0x0000000000004b94                memcpy
 .text.memmove  0x0000000000004c80       0xcc c:/users/francisco/appdata/roaming/gnu mcu eclipse/arm embedded gcc/8.2.1-1.7-20190524-0603/bin/../lib/gcc/arm-none-eabi/8.2.1/../../../../arm-none-eabi/lib/thumb/v7-m/nofp\libc.a(lib_a-memmove.o)
                0x0000000000004c80                memmove
 .text.memset   0x0000000000004d4c       0xa0 c:/users/francisco/appdata/roaming/gnu mcu eclipse/arm embedded gcc/8.2.1-1.7-20190524-0603/bin/../lib/gcc/arm-none-eabi/8.2.1/../../../../arm-none-eabi/lib/thumb/v7-m/nofp\libc.a(lib_a-memset.o)
                0x0000000000004d4c                memset
 .text.__malloc_lock
                0x0000000000004dec        0xc c:/users/francisco/appdata/roaming/gnu mcu eclipse/arm embedded gcc/8.2.1-1.7-20190524-0603/bin/../lib/gcc/arm-none-eabi/8.2.1/../../../../arm-none-eabi/lib/thumb/v7-m/nofp\libc.a(lib_a-mlock.o)
                0x0000000000004dec                __malloc_lock
 .text.__malloc_unlock
                0x0000000000004df8        0xc c:/users/francisco/appdata/roaming/gnu mcu eclipse/arm embedded gcc/8.2.1-1.7-20190524-0603/bin/../lib/gcc/arm-none-eabi/8.2.1/../../../../arm-none-eabi/lib/thumb/v7-m/nofp\libc.a(lib_a-mlock.o)
                0x0000000000004df8                __malloc_unlock
 .text._open_r  0x0000000000004e04       0x2c c:/users/francisco/appdata/roaming/gnu mcu eclipse/arm embedded gcc/8.2.1-1.7-20190524-0603/bin/../lib/gcc/arm-none-eabi/8.2.1/../../../../arm-none-eabi/lib/thumb/v7-m/nofp\libc.a(lib_a-openr.o)
                0x0000000000004e04                _open_r
 .text._realloc_r
                0x0000000000004e30      0x37c c:/users/francisco/appdata/roaming/gnu mcu eclipse/arm embedded gcc/8.2.1-1.7-20190524-0603/bin/../lib/gcc/arm-none-eabi/8.2.1/../../../../arm-none-eabi/lib/thumb/v7-m/nofp\libc.a(lib_a-reallocr.o)
                0x0000000000004e30                _realloc_r
 .text.lflush   0x00000000000051ac       0x14 c:/users/francisco/appdata/roaming/gnu mcu eclipse/arm embedded gcc/8.2.1-1.7-20190524-0603/bin/../lib/gcc/arm-none-eabi/8.2.1/../../../../arm-none-eabi/lib/thumb/v7-m/nofp\libc.a(lib_a-refill.o)
 .text.__srefill_r
                0x00000000000051c0      0x118 c:/users/francisco/appdata/roaming/gnu mcu eclipse/arm embedded gcc/8.2.1-1.7-20190524-0603/bin/../lib/gcc/arm-none-eabi/8.2.1/../../../../arm-none-eabi/lib/thumb/v7-m/nofp\libc.a(lib_a-refill.o)
                0x00000000000051c0                __srefill_r
 .text._sbrk_r  0x00000000000052d8       0x24 c:/users/francisco/appdata/roaming/gnu mcu eclipse/arm embedded gcc/8.2.1-1.7-20190524-0603/bin/../lib/gcc/arm-none-eabi/8.2.1/../../../../arm-none-eabi/lib/thumb/v7-m/nofp\libc.a(lib_a-sbrkr.o)
                0x00000000000052d8                _sbrk_r
 .text.setbuf   0x00000000000052fc       0x10 c:/users/francisco/appdata/roaming/gnu mcu eclipse/arm embedded gcc/8.2.1-1.7-20190524-0603/bin/../lib/gcc/arm-none-eabi/8.2.1/../../../../arm-none-eabi/lib/thumb/v7-m/nofp\libc.a(lib_a-setbuf.o)
                0x00000000000052fc                setbuf
 .text.setvbuf  0x000000000000530c      0x190 c:/users/francisco/appdata/roaming/gnu mcu eclipse/arm embedded gcc/8.2.1-1.7-20190524-0603/bin/../lib/gcc/arm-none-eabi/8.2.1/../../../../arm-none-eabi/lib/thumb/v7-m/nofp\libc.a(lib_a-setvbuf.o)
                0x000000000000530c                setvbuf
 .text.sprintf  0x000000000000549c       0x44 c:/users/francisco/appdata/roaming/gnu mcu eclipse/arm embedded gcc/8.2.1-1.7-20190524-0603/bin/../lib/gcc/arm-none-eabi/8.2.1/../../../../arm-none-eabi/lib/thumb/v7-m/nofp\libc.a(lib_a-sprintf.o)
                0x000000000000549c                sprintf
 .text.sscanf   0x00000000000054e0       0x58 c:/users/francisco/appdata/roaming/gnu mcu eclipse/arm embedded gcc/8.2.1-1.7-20190524-0603/bin/../lib/gcc/arm-none-eabi/8.2.1/../../../../arm-none-eabi/lib/thumb/v7-m/nofp\libc.a(lib_a-sscanf.o)
                0x00000000000054e0                sscanf
 .text.__sread  0x0000000000005538       0x24 c:/users/francisco/appdata/roaming/gnu mcu eclipse/arm embedded gcc/8.2.1-1.7-20190524-0603/bin/../lib/gcc/arm-none-eabi/8.2.1/../../../../arm-none-eabi/lib/thumb/v7-m/nofp\libc.a(lib_a-stdio.o)
                0x0000000000005538                __sread
 .text.__seofread
                0x000000000000555c        0x4 c:/users/francisco/appdata/roaming/gnu mcu eclipse/arm embedded gcc/8.2.1-1.7-20190524-0603/bin/../lib/gcc/arm-none-eabi/8.2.1/../../../../arm-none-eabi/lib/thumb/v7-m/nofp\libc.a(lib_a-stdio.o)
                0x000000000000555c                __seofread
 .text.__swrite
                0x0000000000005560       0x40 c:/users/francisco/appdata/roaming/gnu mcu eclipse/arm embedded gcc/8.2.1-1.7-20190524-0603/bin/../lib/gcc/arm-none-eabi/8.2.1/../../../../arm-none-eabi/lib/thumb/v7-m/nofp\libc.a(lib_a-stdio.o)
                0x0000000000005560                __swrite
 .text.__sseek  0x00000000000055a0       0x20 c:/users/francisco/appdata/roaming/gnu mcu eclipse/arm embedded gcc/8.2.1-1.7-20190524-0603/bin/../lib/gcc/arm-none-eabi/8.2.1/../../../../arm-none-eabi/lib/thumb/v7-m/nofp\libc.a(lib_a-stdio.o)
                0x00000000000055a0                __sseek
 .text.__sclose
                0x00000000000055c0        0x8 c:/users/francisco/appdata/roaming/gnu mcu eclipse/arm embedded gcc/8.2.1-1.7-20190524-0603/bin/../lib/gcc/arm-none-eabi/8.2.1/../../../../arm-none-eabi/lib/thumb/v7-m/nofp\libc.a(lib_a-stdio.o)
                0x00000000000055c0                __sclose
 .text          0x00000000000055c8      0x1bc c:/users/francisco/appdata/roaming/gnu mcu eclipse/arm embedded gcc/8.2.1-1.7-20190524-0603/bin/../lib/gcc/arm-none-eabi/8.2.1/../../../../arm-none-eabi/lib/thumb/v7-m/nofp\libc.a(lib_a-strcmp.o)
                0x00000000000055c8                strcmp
 .text.strlen   0x0000000000005784       0x5c c:/users/francisco/appdata/roaming/gnu mcu eclipse/arm embedded gcc/8.2.1-1.7-20190524-0603/bin/../lib/gcc/arm-none-eabi/8.2.1/../../../../arm-none-eabi/lib/thumb/v7-m/nofp\libc.a(lib_a-strlen-stub.o)
                0x0000000000005784                strlen
 .text.strncmp  0x00000000000057e0       0xa0 c:/users/francisco/appdata/roaming/gnu mcu eclipse/arm embedded gcc/8.2.1-1.7-20190524-0603/bin/../lib/gcc/arm-none-eabi/8.2.1/../../../../arm-none-eabi/lib/thumb/v7-m/nofp\libc.a(lib_a-strncmp.o)
                0x00000000000057e0                strncmp
 .text.strncpy  0x0000000000005880       0x74 c:/users/francisco/appdata/roaming/gnu mcu eclipse/arm embedded gcc/8.2.1-1.7-20190524-0603/bin/../lib/gcc/arm-none-eabi/8.2.1/../../../../arm-none-eabi/lib/thumb/v7-m/nofp\libc.a(lib_a-strncpy.o)
                0x0000000000005880                strncpy
 .text._svfprintf_r
                0x00000000000058f4     0x1a58 c:/users/francisco/appdata/roaming/gnu mcu eclipse/arm embedded gcc/8.2.1-1.7-20190524-0603/bin/../lib/gcc/arm-none-eabi/8.2.1/../../../../arm-none-eabi/lib/thumb/v7-m/nofp\libc.a(lib_a-svfprintf.o)
                0x00000000000058f4                _svfprintf_r
 .text.__ssvfscanf_r
                0x000000000000734c     0x157c c:/users/francisco/appdata/roaming/gnu mcu eclipse/arm embedded gcc/8.2.1-1.7-20190524-0603/bin/../lib/gcc/arm-none-eabi/8.2.1/../../../../arm-none-eabi/lib/thumb/v7-m/nofp\libc.a(lib_a-svfscanf.o)
                0x000000000000734c                __ssvfscanf_r
 .text._vfprintf_r
                0x00000000000088c8     0x1b6c c:/users/francisco/appdata/roaming/gnu mcu eclipse/arm embedded gcc/8.2.1-1.7-20190524-0603/bin/../lib/gcc/arm-none-eabi/8.2.1/../../../../arm-none-eabi/lib/thumb/v7-m/nofp\libc.a(lib_a-vfprintf.o)
                0x00000000000088c8                _vfprintf_r
 .text.vfprintf
                0x000000000000a434       0x18 c:/users/francisco/appdata/roaming/gnu mcu eclipse/arm embedded gcc/8.2.1-1.7-20190524-0603/bin/../lib/gcc/arm-none-eabi/8.2.1/../../../../arm-none-eabi/lib/thumb/v7-m/nofp\libc.a(lib_a-vfprintf.o)
                0x000000000000a434                vfprintf
 .text.__sbprintf
                0x000000000000a44c       0x88 c:/users/francisco/appdata/roaming/gnu mcu eclipse/arm embedded gcc/8.2.1-1.7-20190524-0603/bin/../lib/gcc/arm-none-eabi/8.2.1/../../../../arm-none-eabi/lib/thumb/v7-m/nofp\libc.a(lib_a-vfprintf.o)
 .text.__swbuf_r
                0x000000000000a4d4       0xb0 c:/users/francisco/appdata/roaming/gnu mcu eclipse/arm embedded gcc/8.2.1-1.7-20190524-0603/bin/../lib/gcc/arm-none-eabi/8.2.1/../../../../arm-none-eabi/lib/thumb/v7-m/nofp\libc.a(lib_a-wbuf.o)
                0x000000000000a4d4                __swbuf_r
 .text._write_r
                0x000000000000a584       0x2c c:/users/francisco/appdata/roaming/gnu mcu eclipse/arm embedded gcc/8.2.1-1.7-20190524-0603/bin/../lib/gcc/arm-none-eabi/8.2.1/../../../../arm-none-eabi/lib/thumb/v7-m/nofp\libc.a(lib_a-writer.o)
                0x000000000000a584                _write_r
 .text.__swsetup_r
                0x000000000000a5b0       0xcc c:/users/francisco/appdata/roaming/gnu mcu eclipse/arm embedded gcc/8.2.1-1.7-20190524-0603/bin/../lib/gcc/arm-none-eabi/8.2.1/../../../../arm-none-eabi/lib/thumb/v7-m/nofp\libc.a(lib_a-wsetup.o)
                0x000000000000a5b0                __swsetup_r
 .text.__register_exitproc
                0x000000000000a67c       0x84 c:/users/francisco/appdata/roaming/gnu mcu eclipse/arm embedded gcc/8.2.1-1.7-20190524-0603/bin/../lib/gcc/arm-none-eabi/8.2.1/../../../../arm-none-eabi/lib/thumb/v7-m/nofp\libc.a(lib_a-__atexit.o)
                0x000000000000a67c                __register_exitproc
 .text.startup.register_fini
                0x000000000000a700       0x14 c:/users/francisco/appdata/roaming/gnu mcu eclipse/arm embedded gcc/8.2.1-1.7-20190524-0603/bin/../lib/gcc/arm-none-eabi/8.2.1/../../../../arm-none-eabi/lib/thumb/v7-m/nofp\libc.a(lib_a-__call_atexit.o)
 .text.atexit   0x000000000000a714        0xc c:/users/francisco/appdata/roaming/gnu mcu eclipse/arm embedded gcc/8.2.1-1.7-20190524-0603/bin/../lib/gcc/arm-none-eabi/8.2.1/../../../../arm-none-eabi/lib/thumb/v7-m/nofp\libc.a(lib_a-atexit.o)
                0x000000000000a714                atexit
 .text._close_r
                0x000000000000a720       0x24 c:/users/francisco/appdata/roaming/gnu mcu eclipse/arm embedded gcc/8.2.1-1.7-20190524-0603/bin/../lib/gcc/arm-none-eabi/8.2.1/../../../../arm-none-eabi/lib/thumb/v7-m/nofp\libc.a(lib_a-closer.o)
                0x000000000000a720                _close_r
 .text.quorem   0x000000000000a744      0x12c c:/users/francisco/appdata/roaming/gnu mcu eclipse/arm embedded gcc/8.2.1-1.7-20190524-0603/bin/../lib/gcc/arm-none-eabi/8.2.1/../../../../arm-none-eabi/lib/thumb/v7-m/nofp\libc.a(lib_a-dtoa.o)
 .text._dtoa_r  0x000000000000a870      0xe6c c:/users/francisco/appdata/roaming/gnu mcu eclipse/arm embedded gcc/8.2.1-1.7-20190524-0603/bin/../lib/gcc/arm-none-eabi/8.2.1/../../../../arm-none-eabi/lib/thumb/v7-m/nofp\libc.a(lib_a-dtoa.o)
                0x000000000000a870                _dtoa_r
 .text.__libc_fini_array
                0x000000000000b6dc       0x34 c:/users/francisco/appdata/roaming/gnu mcu eclipse/arm embedded gcc/8.2.1-1.7-20190524-0603/bin/../lib/gcc/arm-none-eabi/8.2.1/../../../../arm-none-eabi/lib/thumb/v7-m/nofp\libc.a(lib_a-fini.o)
                0x000000000000b6dc                __libc_fini_array
 .text.__sflags
                0x000000000000b710       0x78 c:/users/francisco/appdata/roaming/gnu mcu eclipse/arm embedded gcc/8.2.1-1.7-20190524-0603/bin/../lib/gcc/arm-none-eabi/8.2.1/../../../../arm-none-eabi/lib/thumb/v7-m/nofp\libc.a(lib_a-flags.o)
                0x000000000000b710                __sflags
 .text._isatty_r
                0x000000000000b788       0x24 c:/users/francisco/appdata/roaming/gnu mcu eclipse/arm embedded gcc/8.2.1-1.7-20190524-0603/bin/../lib/gcc/arm-none-eabi/8.2.1/../../../../arm-none-eabi/lib/thumb/v7-m/nofp\libc.a(lib_a-isattyr.o)
                0x000000000000b788                _isatty_r
 .text.iswspace
                0x000000000000b7ac        0x8 c:/users/francisco/appdata/roaming/gnu mcu eclipse/arm embedded gcc/8.2.1-1.7-20190524-0603/bin/../lib/gcc/arm-none-eabi/8.2.1/../../../../arm-none-eabi/lib/thumb/v7-m/nofp\libc.a(lib_a-iswspace.o)
                0x000000000000b7ac                iswspace
 .text.iswspace_l
                0x000000000000b7b4       0x14 c:/users/francisco/appdata/roaming/gnu mcu eclipse/arm embedded gcc/8.2.1-1.7-20190524-0603/bin/../lib/gcc/arm-none-eabi/8.2.1/../../../../arm-none-eabi/lib/thumb/v7-m/nofp\libc.a(lib_a-iswspace_l.o)
                0x000000000000b7b4                iswspace_l
 .text.__locale_mb_cur_max
                0x000000000000b7c8        0xc c:/users/francisco/appdata/roaming/gnu mcu eclipse/arm embedded gcc/8.2.1-1.7-20190524-0603/bin/../lib/gcc/arm-none-eabi/8.2.1/../../../../arm-none-eabi/lib/thumb/v7-m/nofp\libc.a(lib_a-locale.o)
                0x000000000000b7c8                __locale_mb_cur_max
 .text._localeconv_r
                0x000000000000b7d4        0x8 c:/users/francisco/appdata/roaming/gnu mcu eclipse/arm embedded gcc/8.2.1-1.7-20190524-0603/bin/../lib/gcc/arm-none-eabi/8.2.1/../../../../arm-none-eabi/lib/thumb/v7-m/nofp\libc.a(lib_a-localeconv.o)
                0x000000000000b7d4                _localeconv_r
 .text._lseek_r
                0x000000000000b7dc       0x2c c:/users/francisco/appdata/roaming/gnu mcu eclipse/arm embedded gcc/8.2.1-1.7-20190524-0603/bin/../lib/gcc/arm-none-eabi/8.2.1/../../../../arm-none-eabi/lib/thumb/v7-m/nofp\libc.a(lib_a-lseekr.o)
                0x000000000000b7dc                _lseek_r
 .text._mbrtowc_r
                0x000000000000b808       0x40 c:/users/francisco/appdata/roaming/gnu mcu eclipse/arm embedded gcc/8.2.1-1.7-20190524-0603/bin/../lib/gcc/arm-none-eabi/8.2.1/../../../../arm-none-eabi/lib/thumb/v7-m/nofp\libc.a(lib_a-mbrtowc.o)
                0x000000000000b808                _mbrtowc_r
 .text.__ascii_mbtowc
                0x000000000000b848       0x2c c:/users/francisco/appdata/roaming/gnu mcu eclipse/arm embedded gcc/8.2.1-1.7-20190524-0603/bin/../lib/gcc/arm-none-eabi/8.2.1/../../../../arm-none-eabi/lib/thumb/v7-m/nofp\libc.a(lib_a-mbtowc_r.o)
                0x000000000000b848                __ascii_mbtowc
 .text._Balloc  0x000000000000b874       0x4c c:/users/francisco/appdata/roaming/gnu mcu eclipse/arm embedded gcc/8.2.1-1.7-20190524-0603/bin/../lib/gcc/arm-none-eabi/8.2.1/../../../../arm-none-eabi/lib/thumb/v7-m/nofp\libc.a(lib_a-mprec.o)
                0x000000000000b874                _Balloc
 .text._Bfree   0x000000000000b8c0       0x14 c:/users/francisco/appdata/roaming/gnu mcu eclipse/arm embedded gcc/8.2.1-1.7-20190524-0603/bin/../lib/gcc/arm-none-eabi/8.2.1/../../../../arm-none-eabi/lib/thumb/v7-m/nofp\libc.a(lib_a-mprec.o)
                0x000000000000b8c0                _Bfree
 .text.__multadd
                0x000000000000b8d4       0x8c c:/users/francisco/appdata/roaming/gnu mcu eclipse/arm embedded gcc/8.2.1-1.7-20190524-0603/bin/../lib/gcc/arm-none-eabi/8.2.1/../../../../arm-none-eabi/lib/thumb/v7-m/nofp\libc.a(lib_a-mprec.o)
                0x000000000000b8d4                __multadd
 .text.__s2b    0x000000000000b960       0x98 c:/users/francisco/appdata/roaming/gnu mcu eclipse/arm embedded gcc/8.2.1-1.7-20190524-0603/bin/../lib/gcc/arm-none-eabi/8.2.1/../../../../arm-none-eabi/lib/thumb/v7-m/nofp\libc.a(lib_a-mprec.o)
                0x000000000000b960                __s2b
 .text.__hi0bits
                0x000000000000b9f8       0x40 c:/users/francisco/appdata/roaming/gnu mcu eclipse/arm embedded gcc/8.2.1-1.7-20190524-0603/bin/../lib/gcc/arm-none-eabi/8.2.1/../../../../arm-none-eabi/lib/thumb/v7-m/nofp\libc.a(lib_a-mprec.o)
                0x000000000000b9f8                __hi0bits
 .text.__lo0bits
                0x000000000000ba38       0x60 c:/users/francisco/appdata/roaming/gnu mcu eclipse/arm embedded gcc/8.2.1-1.7-20190524-0603/bin/../lib/gcc/arm-none-eabi/8.2.1/../../../../arm-none-eabi/lib/thumb/v7-m/nofp\libc.a(lib_a-mprec.o)
                0x000000000000ba38                __lo0bits
 .text.__i2b    0x000000000000ba98       0x14 c:/users/francisco/appdata/roaming/gnu mcu eclipse/arm embedded gcc/8.2.1-1.7-20190524-0603/bin/../lib/gcc/arm-none-eabi/8.2.1/../../../../arm-none-eabi/lib/thumb/v7-m/nofp\libc.a(lib_a-mprec.o)
                0x000000000000ba98                __i2b
 .text.__multiply
                0x000000000000baac      0x130 c:/users/francisco/appdata/roaming/gnu mcu eclipse/arm embedded gcc/8.2.1-1.7-20190524-0603/bin/../lib/gcc/arm-none-eabi/8.2.1/../../../../arm-none-eabi/lib/thumb/v7-m/nofp\libc.a(lib_a-mprec.o)
                0x000000000000baac                __multiply
 .text.__pow5mult
                0x000000000000bbdc       0xa0 c:/users/francisco/appdata/roaming/gnu mcu eclipse/arm embedded gcc/8.2.1-1.7-20190524-0603/bin/../lib/gcc/arm-none-eabi/8.2.1/../../../../arm-none-eabi/lib/thumb/v7-m/nofp\libc.a(lib_a-mprec.o)
                0x000000000000bbdc                __pow5mult
 .text.__lshift
                0x000000000000bc7c       0xb4 c:/users/francisco/appdata/roaming/gnu mcu eclipse/arm embedded gcc/8.2.1-1.7-20190524-0603/bin/../lib/gcc/arm-none-eabi/8.2.1/../../../../arm-none-eabi/lib/thumb/v7-m/nofp\libc.a(lib_a-mprec.o)
                0x000000000000bc7c                __lshift
 .text.__mcmp   0x000000000000bd30       0x38 c:/users/francisco/appdata/roaming/gnu mcu eclipse/arm embedded gcc/8.2.1-1.7-20190524-0603/bin/../lib/gcc/arm-none-eabi/8.2.1/../../../../arm-none-eabi/lib/thumb/v7-m/nofp\libc.a(lib_a-mprec.o)
                0x000000000000bd30                __mcmp
 .text.__mdiff  0x000000000000bd68      0x100 c:/users/francisco/appdata/roaming/gnu mcu eclipse/arm embedded gcc/8.2.1-1.7-20190524-0603/bin/../lib/gcc/arm-none-eabi/8.2.1/../../../../arm-none-eabi/lib/thumb/v7-m/nofp\libc.a(lib_a-mprec.o)
                0x000000000000bd68                __mdiff
 .text.__ulp    0x000000000000be68       0x40 c:/users/francisco/appdata/roaming/gnu mcu eclipse/arm embedded gcc/8.2.1-1.7-20190524-0603/bin/../lib/gcc/arm-none-eabi/8.2.1/../../../../arm-none-eabi/lib/thumb/v7-m/nofp\libc.a(lib_a-mprec.o)
                0x000000000000be68                __ulp
 .text.__b2d    0x000000000000bea8       0xbc c:/users/francisco/appdata/roaming/gnu mcu eclipse/arm embedded gcc/8.2.1-1.7-20190524-0603/bin/../lib/gcc/arm-none-eabi/8.2.1/../../../../arm-none-eabi/lib/thumb/v7-m/nofp\libc.a(lib_a-mprec.o)
                0x000000000000bea8                __b2d
 .text.__d2b    0x000000000000bf64       0xac c:/users/francisco/appdata/roaming/gnu mcu eclipse/arm embedded gcc/8.2.1-1.7-20190524-0603/bin/../lib/gcc/arm-none-eabi/8.2.1/../../../../arm-none-eabi/lib/thumb/v7-m/nofp\libc.a(lib_a-mprec.o)
                0x000000000000bf64                __d2b
 .text.__ratio  0x000000000000c010       0x58 c:/users/francisco/appdata/roaming/gnu mcu eclipse/arm embedded gcc/8.2.1-1.7-20190524-0603/bin/../lib/gcc/arm-none-eabi/8.2.1/../../../../arm-none-eabi/lib/thumb/v7-m/nofp\libc.a(lib_a-mprec.o)
                0x000000000000c010                __ratio
 .text.__copybits
                0x000000000000c068       0x48 c:/users/francisco/appdata/roaming/gnu mcu eclipse/arm embedded gcc/8.2.1-1.7-20190524-0603/bin/../lib/gcc/arm-none-eabi/8.2.1/../../../../arm-none-eabi/lib/thumb/v7-m/nofp\libc.a(lib_a-mprec.o)
                0x000000000000c068                __copybits
 .text.__any_on
                0x000000000000c0b0       0x54 c:/users/francisco/appdata/roaming/gnu mcu eclipse/arm embedded gcc/8.2.1-1.7-20190524-0603/bin/../lib/gcc/arm-none-eabi/8.2.1/../../../../arm-none-eabi/lib/thumb/v7-m/nofp\libc.a(lib_a-mprec.o)
                0x000000000000c0b0                __any_on
 .text._read_r  0x000000000000c104       0x2c c:/users/francisco/appdata/roaming/gnu mcu eclipse/arm embedded gcc/8.2.1-1.7-20190524-0603/bin/../lib/gcc/arm-none-eabi/8.2.1/../../../../arm-none-eabi/lib/thumb/v7-m/nofp\libc.a(lib_a-readr.o)
                0x000000000000c104                _read_r
 .text.realloc  0x000000000000c130       0x10 c:/users/francisco/appdata/roaming/gnu mcu eclipse/arm embedded gcc/8.2.1-1.7-20190524-0603/bin/../lib/gcc/arm-none-eabi/8.2.1/../../../../arm-none-eabi/lib/thumb/v7-m/nofp\libc.a(lib_a-realloc.o)
                0x000000000000c130                realloc
 .text.frexp    0x000000000000c140       0x70 c:/users/francisco/appdata/roaming/gnu mcu eclipse/arm embedded gcc/8.2.1-1.7-20190524-0603/bin/../lib/gcc/arm-none-eabi/8.2.1/../../../../arm-none-eabi/lib/thumb/v7-m/nofp\libc.a(lib_a-s_frexp.o)
                0x000000000000c140                frexp
 .text.__sccl   0x000000000000c1b0       0x70 c:/users/francisco/appdata/roaming/gnu mcu eclipse/arm embedded gcc/8.2.1-1.7-20190524-0603/bin/../lib/gcc/arm-none-eabi/8.2.1/../../../../arm-none-eabi/lib/thumb/v7-m/nofp\libc.a(lib_a-sccl.o)
                0x000000000000c1b0                __sccl
 .text.nanf     0x000000000000c220        0x8 c:/users/francisco/appdata/roaming/gnu mcu eclipse/arm embedded gcc/8.2.1-1.7-20190524-0603/bin/../lib/gcc/arm-none-eabi/8.2.1/../../../../arm-none-eabi/lib/thumb/v7-m/nofp\libc.a(lib_a-sf_nan.o)
                0x000000000000c220                nanf
 .text.sulp     0x000000000000c228       0x44 c:/users/francisco/appdata/roaming/gnu mcu eclipse/arm embedded gcc/8.2.1-1.7-20190524-0603/bin/../lib/gcc/arm-none-eabi/8.2.1/../../../../arm-none-eabi/lib/thumb/v7-m/nofp\libc.a(lib_a-strtod.o)
 *fill*         0x000000000000c26c        0x4 
 .text._strtod_l
                0x000000000000c270      0xf00 c:/users/francisco/appdata/roaming/gnu mcu eclipse/arm embedded gcc/8.2.1-1.7-20190524-0603/bin/../lib/gcc/arm-none-eabi/8.2.1/../../../../arm-none-eabi/lib/thumb/v7-m/nofp\libc.a(lib_a-strtod.o)
                0x000000000000c270                _strtod_l
 .text._strtod_r
                0x000000000000d170        0xc c:/users/francisco/appdata/roaming/gnu mcu eclipse/arm embedded gcc/8.2.1-1.7-20190524-0603/bin/../lib/gcc/arm-none-eabi/8.2.1/../../../../arm-none-eabi/lib/thumb/v7-m/nofp\libc.a(lib_a-strtod.o)
                0x000000000000d170                _strtod_r
 .text._strtol_l.isra.0
                0x000000000000d17c      0x110 c:/users/francisco/appdata/roaming/gnu mcu eclipse/arm embedded gcc/8.2.1-1.7-20190524-0603/bin/../lib/gcc/arm-none-eabi/8.2.1/../../../../arm-none-eabi/lib/thumb/v7-m/nofp\libc.a(lib_a-strtol.o)
 .text._strtol_r
                0x000000000000d28c        0x4 c:/users/francisco/appdata/roaming/gnu mcu eclipse/arm embedded gcc/8.2.1-1.7-20190524-0603/bin/../lib/gcc/arm-none-eabi/8.2.1/../../../../arm-none-eabi/lib/thumb/v7-m/nofp\libc.a(lib_a-strtol.o)
                0x000000000000d28c                _strtol_r
 .text._strtoll_l.isra.0
                0x000000000000d290      0x18c c:/users/francisco/appdata/roaming/gnu mcu eclipse/arm embedded gcc/8.2.1-1.7-20190524-0603/bin/../lib/gcc/arm-none-eabi/8.2.1/../../../../arm-none-eabi/lib/thumb/v7-m/nofp\libc.a(lib_a-strtoll.o)
 .text._strtoll_r
                0x000000000000d41c        0x4 c:/users/francisco/appdata/roaming/gnu mcu eclipse/arm embedded gcc/8.2.1-1.7-20190524-0603/bin/../lib/gcc/arm-none-eabi/8.2.1/../../../../arm-none-eabi/lib/thumb/v7-m/nofp\libc.a(lib_a-strtoll.o)
                0x000000000000d41c                _strtoll_r
 .text._strtoul_l.isra.0
                0x000000000000d420      0x140 c:/users/francisco/appdata/roaming/gnu mcu eclipse/arm embedded gcc/8.2.1-1.7-20190524-0603/bin/../lib/gcc/arm-none-eabi/8.2.1/../../../../arm-none-eabi/lib/thumb/v7-m/nofp\libc.a(lib_a-strtoul.o)
 .text._strtoul_r
                0x000000000000d560        0x4 c:/users/francisco/appdata/roaming/gnu mcu eclipse/arm embedded gcc/8.2.1-1.7-20190524-0603/bin/../lib/gcc/arm-none-eabi/8.2.1/../../../../arm-none-eabi/lib/thumb/v7-m/nofp\libc.a(lib_a-strtoul.o)
                0x000000000000d560                _strtoul_r
 .text._strtoull_l.isra.0
                0x000000000000d564      0x1c4 c:/users/francisco/appdata/roaming/gnu mcu eclipse/arm embedded gcc/8.2.1-1.7-20190524-0603/bin/../lib/gcc/arm-none-eabi/8.2.1/../../../../arm-none-eabi/lib/thumb/v7-m/nofp\libc.a(lib_a-strtoull.o)
 .text._strtoull_r
                0x000000000000d728        0x4 c:/users/francisco/appdata/roaming/gnu mcu eclipse/arm embedded gcc/8.2.1-1.7-20190524-0603/bin/../lib/gcc/arm-none-eabi/8.2.1/../../../../arm-none-eabi/lib/thumb/v7-m/nofp\libc.a(lib_a-strtoull.o)
                0x000000000000d728                _strtoull_r
 .text.__ssprint_r
                0x000000000000d72c       0xf8 c:/users/francisco/appdata/roaming/gnu mcu eclipse/arm embedded gcc/8.2.1-1.7-20190524-0603/bin/../lib/gcc/arm-none-eabi/8.2.1/../../../../arm-none-eabi/lib/thumb/v7-m/nofp\libc.a(lib_a-svfiprintf.o)
                0x000000000000d72c                __ssprint_r
 .text._sungetc_r
                0x000000000000d824       0x7c c:/users/francisco/appdata/roaming/gnu mcu eclipse/arm embedded gcc/8.2.1-1.7-20190524-0603/bin/../lib/gcc/arm-none-eabi/8.2.1/../../../../arm-none-eabi/lib/thumb/v7-m/nofp\libc.a(lib_a-svfiscanf.o)
                0x000000000000d824                _sungetc_r
 .text.__ssrefill_r
                0x000000000000d8a0       0x3c c:/users/francisco/appdata/roaming/gnu mcu eclipse/arm embedded gcc/8.2.1-1.7-20190524-0603/bin/../lib/gcc/arm-none-eabi/8.2.1/../../../../arm-none-eabi/lib/thumb/v7-m/nofp\libc.a(lib_a-svfiscanf.o)
                0x000000000000d8a0                __ssrefill_r
 .text._sfread_r
                0x000000000000d8dc       0x84 c:/users/francisco/appdata/roaming/gnu mcu eclipse/arm embedded gcc/8.2.1-1.7-20190524-0603/bin/../lib/gcc/arm-none-eabi/8.2.1/../../../../arm-none-eabi/lib/thumb/v7-m/nofp\libc.a(lib_a-svfiscanf.o)
                0x000000000000d8dc                _sfread_r
 .text.__submore
                0x000000000000d960       0x78 c:/users/francisco/appdata/roaming/gnu mcu eclipse/arm embedded gcc/8.2.1-1.7-20190524-0603/bin/../lib/gcc/arm-none-eabi/8.2.1/../../../../arm-none-eabi/lib/thumb/v7-m/nofp\libc.a(lib_a-ungetc.o)
                0x000000000000d960                __submore
 .text.__sprint_r.part.0
                0x000000000000d9d8       0x78 c:/users/francisco/appdata/roaming/gnu mcu eclipse/arm embedded gcc/8.2.1-1.7-20190524-0603/bin/../lib/gcc/arm-none-eabi/8.2.1/../../../../arm-none-eabi/lib/thumb/v7-m/nofp\libc.a(lib_a-vfiprintf.o)
 .text.__sprint_r
                0x000000000000da50       0x14 c:/users/francisco/appdata/roaming/gnu mcu eclipse/arm embedded gcc/8.2.1-1.7-20190524-0603/bin/../lib/gcc/arm-none-eabi/8.2.1/../../../../arm-none-eabi/lib/thumb/v7-m/nofp\libc.a(lib_a-vfiprintf.o)
                0x000000000000da50                __sprint_r
 .text.__ascii_wctomb
                0x000000000000da64       0x1c c:/users/francisco/appdata/roaming/gnu mcu eclipse/arm embedded gcc/8.2.1-1.7-20190524-0603/bin/../lib/gcc/arm-none-eabi/8.2.1/../../../../arm-none-eabi/lib/thumb/v7-m/nofp\libc.a(lib_a-wctomb_r.o)
                0x000000000000da64                __ascii_wctomb
 .text._calloc_r
                0x000000000000da80       0x60 c:/users/francisco/appdata/roaming/gnu mcu eclipse/arm embedded gcc/8.2.1-1.7-20190524-0603/bin/../lib/gcc/arm-none-eabi/8.2.1/../../../../arm-none-eabi/lib/thumb/v7-m/nofp\libc.a(lib_a-callocr.o)
                0x000000000000da80                _calloc_r
 .text.__fputwc
                0x000000000000dae0       0x94 c:/users/francisco/appdata/roaming/gnu mcu eclipse/arm embedded gcc/8.2.1-1.7-20190524-0603/bin/../lib/gcc/arm-none-eabi/8.2.1/../../../../arm-none-eabi/lib/thumb/v7-m/nofp\libc.a(lib_a-fputwc.o)
                0x000000000000dae0                __fputwc
 .text._fputwc_r
                0x000000000000db74       0x64 c:/users/francisco/appdata/roaming/gnu mcu eclipse/arm embedded gcc/8.2.1-1.7-20190524-0603/bin/../lib/gcc/arm-none-eabi/8.2.1/../../../../arm-none-eabi/lib/thumb/v7-m/nofp\libc.a(lib_a-fputwc.o)
                0x000000000000db74                _fputwc_r
 .text.rshift   0x000000000000dbd8       0xa8 c:/users/francisco/appdata/roaming/gnu mcu eclipse/arm embedded gcc/8.2.1-1.7-20190524-0603/bin/../lib/gcc/arm-none-eabi/8.2.1/../../../../arm-none-eabi/lib/thumb/v7-m/nofp\libc.a(lib_a-gdtoa-gethex.o)
 .text.__gethex
                0x000000000000dc80      0x540 c:/users/francisco/appdata/roaming/gnu mcu eclipse/arm embedded gcc/8.2.1-1.7-20190524-0603/bin/../lib/gcc/arm-none-eabi/8.2.1/../../../../arm-none-eabi/lib/thumb/v7-m/nofp\libc.a(lib_a-gdtoa-gethex.o)
                0x000000000000dc80                __gethex
 .text.__match  0x000000000000e1c0       0x30 c:/users/francisco/appdata/roaming/gnu mcu eclipse/arm embedded gcc/8.2.1-1.7-20190524-0603/bin/../lib/gcc/arm-none-eabi/8.2.1/../../../../arm-none-eabi/lib/thumb/v7-m/nofp\libc.a(lib_a-gdtoa-hexnan.o)
                0x000000000000e1c0                __match
 .text.__hexnan
                0x000000000000e1f0      0x194 c:/users/francisco/appdata/roaming/gnu mcu eclipse/arm embedded gcc/8.2.1-1.7-20190524-0603/bin/../lib/gcc/arm-none-eabi/8.2.1/../../../../arm-none-eabi/lib/thumb/v7-m/nofp\libc.a(lib_a-gdtoa-hexnan.o)
                0x000000000000e1f0                __hexnan
 .text.nan      0x000000000000e384        0xc c:/users/francisco/appdata/roaming/gnu mcu eclipse/arm embedded gcc/8.2.1-1.7-20190524-0603/bin/../lib/gcc/arm-none-eabi/8.2.1/../../../../arm-none-eabi/lib/thumb/v7-m/nofp\libc.a(lib_a-s_nan.o)
                0x000000000000e384                nan
 .text._wcrtomb_r
                0x000000000000e390       0x34 c:/users/francisco/appdata/roaming/gnu mcu eclipse/arm embedded gcc/8.2.1-1.7-20190524-0603/bin/../lib/gcc/arm-none-eabi/8.2.1/../../../../arm-none-eabi/lib/thumb/v7-m/nofp\libc.a(lib_a-wcrtomb.o)
                0x000000000000e390                _wcrtomb_r
 .text          0x000000000000e3c4      0x378 c:/users/francisco/appdata/roaming/gnu mcu eclipse/arm embedded gcc/8.2.1-1.7-20190524-0603/bin/../lib/gcc/arm-none-eabi/8.2.1/thumb/v7-m/nofp\libgcc.a(_arm_addsubdf3.o)
                0x000000000000e3c4                __aeabi_drsub
                0x000000000000e3cc                __aeabi_dsub
                0x000000000000e3cc                __subdf3
                0x000000000000e3d0                __aeabi_dadd
                0x000000000000e3d0                __adddf3
                0x000000000000e648                __floatunsidf
                0x000000000000e648                __aeabi_ui2d
                0x000000000000e668                __floatsidf
                0x000000000000e668                __aeabi_i2d
                0x000000000000e68c                __aeabi_f2d
                0x000000000000e68c                __extendsfdf2
                0x000000000000e6d0                __floatundidf
                0x000000000000e6d0                __aeabi_ul2d
                0x000000000000e6e0                __floatdidf
                0x000000000000e6e0                __aeabi_l2d
 .text          0x000000000000e73c      0x424 c:/users/francisco/appdata/roaming/gnu mcu eclipse/arm embedded gcc/8.2.1-1.7-20190524-0603/bin/../lib/gcc/arm-none-eabi/8.2.1/thumb/v7-m/nofp\libgcc.a(_arm_muldivdf3.o)
                0x000000000000e73c                __aeabi_dmul
                0x000000000000e73c                __muldf3
                0x000000000000e990                __divdf3
                0x000000000000e990                __aeabi_ddiv
 .text          0x000000000000eb60      0x110 c:/users/francisco/appdata/roaming/gnu mcu eclipse/arm embedded gcc/8.2.1-1.7-20190524-0603/bin/../lib/gcc/arm-none-eabi/8.2.1/thumb/v7-m/nofp\libgcc.a(_arm_cmpdf2.o)
                0x000000000000eb60                __gtdf2
                0x000000000000eb60                __gedf2
                0x000000000000eb68                __ltdf2
                0x000000000000eb68                __ledf2
                0x000000000000eb70                __nedf2
                0x000000000000eb70                __eqdf2
                0x000000000000eb70                __cmpdf2
                0x000000000000ebec                __aeabi_cdrcmple
                0x000000000000ebfc                __aeabi_cdcmpeq
                0x000000000000ebfc                __aeabi_cdcmple
                0x000000000000ec0c                __aeabi_dcmpeq
                0x000000000000ec20                __aeabi_dcmplt
                0x000000000000ec34                __aeabi_dcmple
                0x000000000000ec48                __aeabi_dcmpge
                0x000000000000ec5c                __aeabi_dcmpgt
 .text          0x000000000000ec70       0x2c c:/users/francisco/appdata/roaming/gnu mcu eclipse/arm embedded gcc/8.2.1-1.7-20190524-0603/bin/../lib/gcc/arm-none-eabi/8.2.1/thumb/v7-m/nofp\libgcc.a(_arm_unorddf2.o)
                0x000000000000ec70                __unorddf2
                0x000000000000ec70                __aeabi_dcmpun
 .text          0x000000000000ec9c       0x50 c:/users/francisco/appdata/roaming/gnu mcu eclipse/arm embedded gcc/8.2.1-1.7-20190524-0603/bin/../lib/gcc/arm-none-eabi/8.2.1/thumb/v7-m/nofp\libgcc.a(_arm_fixdfsi.o)
                0x000000000000ec9c                __aeabi_d2iz
                0x000000000000ec9c                __fixdfsi
 .text          0x000000000000ecec       0x40 c:/users/francisco/appdata/roaming/gnu mcu eclipse/arm embedded gcc/8.2.1-1.7-20190524-0603/bin/../lib/gcc/arm-none-eabi/8.2.1/thumb/v7-m/nofp\libgcc.a(_arm_fixunsdfsi.o)
                0x000000000000ecec                __aeabi_d2uiz
                0x000000000000ecec                __fixunsdfsi
 .text          0x000000000000ed2c       0xa0 c:/users/francisco/appdata/roaming/gnu mcu eclipse/arm embedded gcc/8.2.1-1.7-20190524-0603/bin/../lib/gcc/arm-none-eabi/8.2.1/thumb/v7-m/nofp\libgcc.a(_arm_truncdfsf2.o)
                0x000000000000ed2c                __truncdfsf2
                0x000000000000ed2c                __aeabi_d2f
 .text          0x000000000000edcc       0x30 c:/users/francisco/appdata/roaming/gnu mcu eclipse/arm embedded gcc/8.2.1-1.7-20190524-0603/bin/../lib/gcc/arm-none-eabi/8.2.1/thumb/v7-m/nofp\libgcc.a(_aeabi_uldivmod.o)
                0x000000000000edcc                __aeabi_uldivmod
 .text.__fixdfdi
                0x000000000000edfc       0x30 c:/users/francisco/appdata/roaming/gnu mcu eclipse/arm embedded gcc/8.2.1-1.7-20190524-0603/bin/../lib/gcc/arm-none-eabi/8.2.1/thumb/v7-m/nofp\libgcc.a(_fixdfdi.o)
                0x000000000000edfc                __fixdfdi
                0x000000000000edfc                __aeabi_d2lz
 .text.__fixunsdfdi
                0x000000000000ee2c       0x3c c:/users/francisco/appdata/roaming/gnu mcu eclipse/arm embedded gcc/8.2.1-1.7-20190524-0603/bin/../lib/gcc/arm-none-eabi/8.2.1/thumb/v7-m/nofp\libgcc.a(_fixunsdfdi.o)
                0x000000000000ee2c                __fixunsdfdi
                0x000000000000ee2c                __aeabi_d2ulz
 .text.__udivmoddi4
                0x000000000000ee68      0x2d0 c:/users/francisco/appdata/roaming/gnu mcu eclipse/arm embedded gcc/8.2.1-1.7-20190524-0603/bin/../lib/gcc/arm-none-eabi/8.2.1/thumb/v7-m/nofp\libgcc.a(_udivmoddi4.o)
                0x000000000000ee68                __udivmoddi4
 .text          0x000000000000f138        0x4 c:/users/francisco/appdata/roaming/gnu mcu eclipse/arm embedded gcc/8.2.1-1.7-20190524-0603/bin/../lib/gcc/arm-none-eabi/8.2.1/thumb/v7-m/nofp\libgcc.a(_dvmd_tls.o)
                0x000000000000f138                __aeabi_idiv0
                0x000000000000f138                __aeabi_ldiv0
 *(.init)
 .init          0x000000000000f13c        0x4 c:/users/francisco/appdata/roaming/gnu mcu eclipse/arm embedded gcc/8.2.1-1.7-20190524-0603/bin/../lib/gcc/arm-none-eabi/8.2.1/thumb/v7-m/nofp/crti.o
                0x000000000000f13c                _init
 .init          0x000000000000f140        0x8 c:/users/francisco/appdata/roaming/gnu mcu eclipse/arm embedded gcc/8.2.1-1.7-20190524-0603/bin/../lib/gcc/arm-none-eabi/8.2.1/thumb/v7-m/nofp/crtn.o
 *(.fini)
 .fini          0x000000000000f148        0x4 c:/users/francisco/appdata/roaming/gnu mcu eclipse/arm embedded gcc/8.2.1-1.7-20190524-0603/bin/../lib/gcc/arm-none-eabi/8.2.1/thumb/v7-m/nofp/crti.o
                0x000000000000f148                _fini
 .fini          0x000000000000f14c        0x8 c:/users/francisco/appdata/roaming/gnu mcu eclipse/arm embedded gcc/8.2.1-1.7-20190524-0603/bin/../lib/gcc/arm-none-eabi/8.2.1/thumb/v7-m/nofp/crtn.o
 *crtbegin.o(.ctors)
 *crtbegin?.o(.ctors)
 *(EXCLUDE_FILE(*crtend.o *crtend?.o) .ctors)
 *(SORT_BY_NAME(.ctors.*))
 *(.ctors)
 *crtbegin.o(.dtors)
 *crtbegin?.o(.dtors)
 *(EXCLUDE_FILE(*crtend.o *crtend?.o) .dtors)
 *(SORT_BY_NAME(.dtors.*))
 *(.dtors)
 *(.rodata*)
 .rodata._ZL15prvPeriodicTaskPv.str1.4
                0x000000000000f154        0xa test1/main.o
 *fill*         0x000000000000f15e        0x2 
 .rodata.main.str1.4
                0x000000000000f160       0x28 test1/main.o
 .rodata._Z19vCommonPeriodicTaskPv.str1.4
                0x000000000000f188       0x64 ../common/common-mbed.o
 .rodata.vApplicationDeadlineMissedHook.str1.4
                0x000000000000f1ec       0x21 ../common/common-mbed.o
 *fill*         0x000000000000f20d        0x3 
 .rodata.vApplicationMallocFailedHook.str1.4
                0x000000000000f210       0x10 ../common/common-mbed.o
 .rodata.vApplicationNotSchedulable.str1.4
                0x000000000000f220       0x17 ../common/common-mbed.o
 *fill*         0x000000000000f237        0x1 
 .rodata.vApplicationStackOverflowHook.str1.4
                0x000000000000f238       0x14 ../common/common-mbed.o
 .rodata.str1.4
                0x000000000000f24c       0x68 ../../board/lpc1768/TARGET_LPC1768/TOOLCHAIN_GCC_ARM/board.o
                                         0x80 (size before relaxing)
 .rodata.__stdin_name
                0x000000000000f2b4        0x8 ../../board/lpc1768/TARGET_LPC1768/TOOLCHAIN_GCC_ARM/retarget.o
                0x000000000000f2b4                __stdin_name
 .rodata.__stderr_name
                0x000000000000f2bc        0x8 ../../board/lpc1768/TARGET_LPC1768/TOOLCHAIN_GCC_ARM/retarget.o
                0x000000000000f2bc                __stderr_name
 .rodata.__stdout_name
                0x000000000000f2c4        0x8 ../../board/lpc1768/TARGET_LPC1768/TOOLCHAIN_GCC_ARM/retarget.o
                0x000000000000f2c4                __stdout_name
 *fill*         0x000000000000f2cc        0x4 
 .rodata._ZTVN4mbed10FileHandleE
                0x000000000000f2d0       0x30 ../../board/lpc1768/TARGET_LPC1768/TOOLCHAIN_GCC_ARM/retarget.o
                0x000000000000f2d0                vtable for mbed::FileHandle
 .rodata.str1.4
                0x000000000000f300        0xe ../../board/lpc1768/TARGET_LPC1768/TOOLCHAIN_GCC_ARM/retarget.o
                                         0x10 (size before relaxing)
 *fill*         0x000000000000f30e        0x2 
 .rodata.PinMap_UART_RTS
                0x000000000000f310       0x24 ../../board/lpc1768/TARGET_LPC1768/TOOLCHAIN_GCC_ARM\libmbed.a(serial_api.o)
 .rodata.CSWTCH.24
                0x000000000000f334       0x10 ../../board/lpc1768/TARGET_LPC1768/TOOLCHAIN_GCC_ARM\libmbed.a(serial_api.o)
 .rodata.PinMap_UART_RX
                0x000000000000f344       0x6c ../../board/lpc1768/TARGET_LPC1768/TOOLCHAIN_GCC_ARM\libmbed.a(serial_api.o)
 .rodata.str1.4